 Image codora-backend Building 
#1 [internal] load local bake definitions
#1 reading from stdin 548B done
#1 DONE 0.0s

#2 [internal] load build definition from Dockerfile
#2 transferring dockerfile: 829B done
#2 DONE 0.0s

#3 [internal] load metadata for docker.io/library/python:3.11-slim
#3 DONE 0.1s

#4 [internal] load .dockerignore
#4 transferring context: 2B done
#4 DONE 0.0s

#5 [internal] load build context
#5 transferring context: 4.51kB done
#5 DONE 0.0s

#6 [1/7] FROM docker.io/library/python:3.11-slim@sha256:a3ab0b966bc4e91546a033e22093cb840908979487a9fc0e6e38295747e49ac0
#6 resolve docker.io/library/python:3.11-slim@sha256:a3ab0b966bc4e91546a033e22093cb840908979487a9fc0e6e38295747e49ac0 done
#6 DONE 0.0s

#7 [2/7] WORKDIR /app
#7 CACHED

#8 [3/7] RUN apt-get update && apt-get install -y     build-essential     cmake     pkg-config     curl     git     libpq-dev     && rm -rf /var/lib/apt/lists/*
#8 0.249 Hit:1 http://deb.debian.org/debian trixie InRelease
#8 0.266 Get:2 http://deb.debian.org/debian trixie-updates InRelease [47.3 kB]
#8 0.318 Get:3 http://deb.debian.org/debian-security trixie-security InRelease [43.4 kB]
#8 0.345 Get:4 http://deb.debian.org/debian trixie/main arm64 Packages [9608 kB]
#8 1.667 Get:5 http://deb.debian.org/debian trixie-updates/main arm64 Packages [5404 B]
#8 1.690 Get:6 http://deb.debian.org/debian-security trixie-security/main arm64 Packages [211 kB]
#8 2.307 Fetched 9915 kB in 2s (4577 kB/s)
#8 2.307 Reading package lists...
#8 2.665 Reading package lists...
#8 2.951 Building dependency tree...
#8 3.047 Reading state information...
#8 3.177 The following additional packages will be installed:
#8 3.177   bash-completion binutils binutils-aarch64-linux-gnu binutils-common bzip2
#8 3.177   cmake-data cpp cpp-14 cpp-14-aarch64-linux-gnu cpp-aarch64-linux-gnu
#8 3.177   dpkg-dev fakeroot g++ g++-14 g++-14-aarch64-linux-gnu g++-aarch64-linux-gnu
#8 3.177   gcc gcc-14 gcc-14-aarch64-linux-gnu gcc-aarch64-linux-gnu git-man
#8 3.177   krb5-locales less libalgorithm-diff-perl libalgorithm-diff-xs-perl
#8 3.177   libalgorithm-merge-perl libarchive13t64 libasan8 libatomic1 libbinutils
#8 3.177   libbrotli1 libc-dev-bin libc6-dev libcbor0.10 libcc1-0 libcom-err2
#8 3.177   libcrypt-dev libctf-nobfd0 libctf0 libcurl3t64-gnutls libcurl4t64
#8 3.177   libdpkg-perl libedit2 liberror-perl libexpat1 libfakeroot libfido2-1
#8 3.177   libfile-fcntllock-perl libgcc-14-dev libgdbm-compat4t64 libgnutls30t64
#8 3.177   libgomp1 libgprofng0 libgssapi-krb5-2 libhwasan0 libidn2-0 libisl23 libitm1
#8 3.177   libjansson4 libjsoncpp26 libk5crypto3 libkeyutils1 libkrb5-3 libkrb5support0
#8 3.177   libldap-common libldap2 liblocale-gettext-perl liblsan0 libmpc3 libmpfr6
#8 3.177   libnghttp2-14 libnghttp3-9 libngtcp2-16 libngtcp2-crypto-gnutls8 libp11-kit0
#8 3.178   libperl5.40 libpkgconf3 libpq5 libproc2-0 libpsl5t64 librhash1 librtmp1
#8 3.178   libsasl2-2 libsasl2-modules libsasl2-modules-db libsframe1 libssh2-1t64
#8 3.178   libssl-dev libssl3t64 libstdc++-14-dev libtasn1-6 libtsan2 libubsan1
#8 3.178   libunistring5 libuv1t64 libx11-6 libx11-data libxau6 libxcb1 libxdmcp6
#8 3.178   libxext6 libxml2 libxmuu1 linux-libc-dev linux-sysctl-defaults make manpages
#8 3.178   manpages-dev openssh-client openssl openssl-provider-legacy patch perl
#8 3.178   perl-modules-5.40 pkgconf pkgconf-bin procps psmisc publicsuffix
#8 3.178   rpcsvc-proto sq xauth xz-utils
#8 3.179 Suggested packages:
#8 3.179   binutils-doc gprofng-gui binutils-gold bzip2-doc cmake-doc cmake-format
#8 3.179   elpa-cmake-mode ninja-build cpp-doc gcc-14-locales cpp-14-doc debian-keyring
#8 3.179   debian-tag2upload-keyring gcc-14-doc gcc-multilib autoconf automake libtool
#8 3.179   flex bison gdb gcc-doc gdb-aarch64-linux-gnu gettext-base git-doc git-email
#8 3.179   git-gui gitk gitweb git-cvs git-mediawiki git-svn lrzip libc-devtools
#8 3.179   glibc-doc sensible-utils bzr gnutls-bin krb5-doc krb5-user postgresql-doc-17
#8 3.179   libsasl2-modules-gssapi-mit | libsasl2-modules-gssapi-heimdal
#8 3.179   libsasl2-modules-ldap libsasl2-modules-otp libsasl2-modules-sql libssl-doc
#8 3.179   libstdc++-14-doc make-doc man-browser keychain libpam-ssh monkeysphere
#8 3.179   ssh-askpass ed diffutils-doc perl-doc libterm-readline-gnu-perl
#8 3.179   | libterm-readline-perl-perl libtap-harness-archive-perl
#8 3.520 The following NEW packages will be installed:
#8 3.520   bash-completion binutils binutils-aarch64-linux-gnu binutils-common
#8 3.520   build-essential bzip2 cmake cmake-data cpp cpp-14 cpp-14-aarch64-linux-gnu
#8 3.520   cpp-aarch64-linux-gnu curl dpkg-dev fakeroot g++ g++-14
#8 3.520   g++-14-aarch64-linux-gnu g++-aarch64-linux-gnu gcc gcc-14
#8 3.520   gcc-14-aarch64-linux-gnu gcc-aarch64-linux-gnu git git-man krb5-locales less
#8 3.520   libalgorithm-diff-perl libalgorithm-diff-xs-perl libalgorithm-merge-perl
#8 3.520   libarchive13t64 libasan8 libatomic1 libbinutils libbrotli1 libc-dev-bin
#8 3.520   libc6-dev libcbor0.10 libcc1-0 libcom-err2 libcrypt-dev libctf-nobfd0
#8 3.520   libctf0 libcurl3t64-gnutls libcurl4t64 libdpkg-perl libedit2 liberror-perl
#8 3.520   libexpat1 libfakeroot libfido2-1 libfile-fcntllock-perl libgcc-14-dev
#8 3.520   libgdbm-compat4t64 libgnutls30t64 libgomp1 libgprofng0 libgssapi-krb5-2
#8 3.520   libhwasan0 libidn2-0 libisl23 libitm1 libjansson4 libjsoncpp26 libk5crypto3
#8 3.520   libkeyutils1 libkrb5-3 libkrb5support0 libldap-common libldap2
#8 3.520   liblocale-gettext-perl liblsan0 libmpc3 libmpfr6 libnghttp2-14 libnghttp3-9
#8 3.520   libngtcp2-16 libngtcp2-crypto-gnutls8 libp11-kit0 libperl5.40 libpkgconf3
#8 3.520   libpq-dev libpq5 libproc2-0 libpsl5t64 librhash1 librtmp1 libsasl2-2
#8 3.520   libsasl2-modules libsasl2-modules-db libsframe1 libssh2-1t64 libssl-dev
#8 3.521   libstdc++-14-dev libtasn1-6 libtsan2 libubsan1 libunistring5 libuv1t64
#8 3.521   libx11-6 libx11-data libxau6 libxcb1 libxdmcp6 libxext6 libxml2 libxmuu1
#8 3.521   linux-libc-dev linux-sysctl-defaults make manpages manpages-dev
#8 3.521   openssh-client patch perl perl-modules-5.40 pkg-config pkgconf pkgconf-bin
#8 3.521   procps psmisc publicsuffix rpcsvc-proto sq xauth xz-utils
#8 3.521 The following packages will be upgraded:
#8 3.521   libssl3t64 openssl openssl-provider-legacy
#8 3.579 3 upgraded, 126 newly installed, 0 to remove and 0 not upgraded.
#8 3.579 Need to get 124 MB of archives.
#8 3.579 After this operation, 511 MB of additional disk space will be used.
#8 3.579 Get:1 http://deb.debian.org/debian trixie/main arm64 libexpat1 arm64 2.7.1-2 [93.3 kB]
#8 3.626 Get:2 http://deb.debian.org/debian trixie/main arm64 liblocale-gettext-perl arm64 1.07-7+b1 [15.2 kB]
#8 3.646 Get:3 http://deb.debian.org/debian-security trixie-security/main arm64 openssl-provider-legacy arm64 3.5.6-1~deb13u2 [310 kB]
#8 3.718 Get:4 http://deb.debian.org/debian-security trixie-security/main arm64 libssl3t64 arm64 3.5.6-1~deb13u2 [2760 kB]
#8 4.129 Get:5 http://deb.debian.org/debian trixie/main arm64 less arm64 668-1 [156 kB]
#8 4.172 Get:6 http://deb.debian.org/debian trixie/main arm64 linux-sysctl-defaults all 4.12.1 [5724 B]
#8 4.174 Get:7 http://deb.debian.org/debian trixie/main arm64 libproc2-0 arm64 2:4.0.4-9 [62.8 kB]
#8 4.175 Get:8 http://deb.debian.org/debian trixie/main arm64 procps arm64 2:4.0.4-9 [871 kB]
#8 4.415 Get:9 http://deb.debian.org/debian trixie/main arm64 bash-completion all 1:2.16.0-7 [319 kB]
#8 4.485 Get:10 http://deb.debian.org/debian trixie/main arm64 bzip2 arm64 1.0.8-6 [39.5 kB]
#8 4.488 Get:11 http://deb.debian.org/debian-security trixie-security/main arm64 krb5-locales all 1.21.3-5+deb13u1 [101 kB]
#8 4.511 Get:12 http://deb.debian.org/debian trixie/main arm64 manpages all 6.9.1-1 [1393 kB]
#8 4.745 Get:13 http://deb.debian.org/debian trixie/main arm64 libedit2 arm64 3.1-20250104-1 [89.3 kB]
#8 4.765 Get:14 http://deb.debian.org/debian trixie/main arm64 libcbor0.10 arm64 0.10.2-2 [27.4 kB]
#8 4.769 Get:15 http://deb.debian.org/debian trixie/main arm64 libfido2-1 arm64 1.15.0-1+b1 [74.3 kB]
#8 4.775 Get:16 http://deb.debian.org/debian-security trixie-security/main arm64 libkrb5support0 arm64 1.21.3-5+deb13u1 [32.5 kB]
#8 4.779 Get:17 http://deb.debian.org/debian trixie/main arm64 libcom-err2 arm64 1.47.2-3+b11 [24.9 kB]
#8 4.800 Get:18 http://deb.debian.org/debian-security trixie-security/main arm64 libk5crypto3 arm64 1.21.3-5+deb13u1 [81.4 kB]
#8 4.810 Get:19 http://deb.debian.org/debian trixie/main arm64 libkeyutils1 arm64 1.6.3-6 [9716 B]
#8 4.811 Get:20 http://deb.debian.org/debian-security trixie-security/main arm64 libkrb5-3 arm64 1.21.3-5+deb13u1 [308 kB]
#8 4.882 Get:21 http://deb.debian.org/debian-security trixie-security/main arm64 libgssapi-krb5-2 arm64 1.21.3-5+deb13u1 [128 kB]
#8 4.925 Get:22 http://deb.debian.org/debian trixie/main arm64 openssh-client arm64 1:10.0p1-7+deb13u4 [927 kB]
#8 5.137 Get:23 http://deb.debian.org/debian trixie/main arm64 perl-modules-5.40 all 5.40.1-6 [3019 kB]
#8 5.850 Get:24 http://deb.debian.org/debian trixie/main arm64 libgdbm-compat4t64 arm64 1.24-2 [50.3 kB]
#8 5.881 Get:25 http://deb.debian.org/debian trixie/main arm64 libperl5.40 arm64 5.40.1-6 [4142 kB]
#8 7.481 Get:26 http://deb.debian.org/debian trixie/main arm64 perl arm64 5.40.1-6 [267 kB]
#8 7.557 Get:27 http://deb.debian.org/debian trixie/main arm64 xz-utils arm64 5.8.1-1 [657 kB]
#8 7.703 Get:28 http://deb.debian.org/debian trixie/main arm64 libsframe1 arm64 2.44-3 [77.8 kB]
#8 7.728 Get:29 http://deb.debian.org/debian trixie/main arm64 binutils-common arm64 2.44-3 [2509 kB]
#8 8.153 Get:30 http://deb.debian.org/debian trixie/main arm64 libbinutils arm64 2.44-3 [660 kB]
#8 8.295 Get:31 http://deb.debian.org/debian trixie/main arm64 libgprofng0 arm64 2.44-3 [668 kB]
#8 8.433 Get:32 http://deb.debian.org/debian trixie/main arm64 libctf-nobfd0 arm64 2.44-3 [152 kB]
#8 8.759 Get:33 http://deb.debian.org/debian trixie/main arm64 libctf0 arm64 2.44-3 [84.2 kB]
#8 8.835 Get:34 http://deb.debian.org/debian trixie/main arm64 libjansson4 arm64 2.14-2+b3 [39.2 kB]
#8 8.845 Get:35 http://deb.debian.org/debian trixie/main arm64 binutils-aarch64-linux-gnu arm64 2.44-3 [820 kB]
#8 9.044 Get:36 http://deb.debian.org/debian trixie/main arm64 binutils arm64 2.44-3 [262 kB]
#8 9.160 Get:37 http://deb.debian.org/debian trixie/main arm64 libc-dev-bin arm64 2.41-12+deb13u3 [59.0 kB]
#8 9.195 Get:38 http://deb.debian.org/debian-security trixie-security/main arm64 linux-libc-dev all 6.12.90-2 [2813 kB]
#8 9.814 Get:39 http://deb.debian.org/debian trixie/main arm64 libcrypt-dev arm64 1:4.4.38-1 [123 kB]
#8 9.852 Get:40 http://deb.debian.org/debian trixie/main arm64 rpcsvc-proto arm64 1.4.3-1+b1 [60.5 kB]
#8 9.874 Get:41 http://deb.debian.org/debian trixie/main arm64 libc6-dev arm64 2.41-12+deb13u3 [1626 kB]
#8 10.17 Get:42 http://deb.debian.org/debian trixie/main arm64 libisl23 arm64 0.27-1 [601 kB]
#8 10.30 Get:43 http://deb.debian.org/debian trixie/main arm64 libmpfr6 arm64 4.2.2-1 [685 kB]
#8 10.49 Get:44 http://deb.debian.org/debian trixie/main arm64 libmpc3 arm64 1.3.1-1+b3 [50.5 kB]
#8 10.52 Get:45 http://deb.debian.org/debian trixie/main arm64 cpp-14-aarch64-linux-gnu arm64 14.2.0-19 [9169 kB]
#8 12.27 Get:46 http://deb.debian.org/debian trixie/main arm64 cpp-14 arm64 14.2.0-19 [1276 B]
#8 12.27 Get:47 http://deb.debian.org/debian trixie/main arm64 cpp-aarch64-linux-gnu arm64 4:14.2.0-1 [4832 B]
#8 12.27 Get:48 http://deb.debian.org/debian trixie/main arm64 cpp arm64 4:14.2.0-1 [1568 B]
#8 12.27 Get:49 http://deb.debian.org/debian trixie/main arm64 libcc1-0 arm64 14.2.0-19 [42.2 kB]
#8 12.27 Get:50 http://deb.debian.org/debian trixie/main arm64 libgomp1 arm64 14.2.0-19 [124 kB]
#8 12.28 Get:51 http://deb.debian.org/debian trixie/main arm64 libitm1 arm64 14.2.0-19 [24.2 kB]
#8 12.29 Get:52 http://deb.debian.org/debian trixie/main arm64 libatomic1 arm64 14.2.0-19 [10.1 kB]
#8 12.30 Get:53 http://deb.debian.org/debian trixie/main arm64 libasan8 arm64 14.2.0-19 [2578 kB]
#8 12.73 Get:54 http://deb.debian.org/debian trixie/main arm64 liblsan0 arm64 14.2.0-19 [1161 kB]
#8 13.01 Get:55 http://deb.debian.org/debian trixie/main arm64 libtsan2 arm64 14.2.0-19 [2383 kB]
#8 13.64 Get:56 http://deb.debian.org/debian trixie/main arm64 libubsan1 arm64 14.2.0-19 [1039 kB]
#8 13.85 Get:57 http://deb.debian.org/debian trixie/main arm64 libhwasan0 arm64 14.2.0-19 [1442 kB]
#8 14.11 Get:58 http://deb.debian.org/debian trixie/main arm64 libgcc-14-dev arm64 14.2.0-19 [2359 kB]
#8 14.58 Get:59 http://deb.debian.org/debian trixie/main arm64 gcc-14-aarch64-linux-gnu arm64 14.2.0-19 [17.7 MB]
#8 18.86 Get:60 http://deb.debian.org/debian trixie/main arm64 gcc-14 arm64 14.2.0-19 [529 kB]
#8 18.96 Get:61 http://deb.debian.org/debian trixie/main arm64 gcc-aarch64-linux-gnu arm64 4:14.2.0-1 [1440 B]
#8 18.96 Get:62 http://deb.debian.org/debian trixie/main arm64 gcc arm64 4:14.2.0-1 [5136 B]
#8 18.96 Get:63 http://deb.debian.org/debian trixie/main arm64 libstdc++-14-dev arm64 14.2.0-19 [2295 kB]
#8 19.50 Get:64 http://deb.debian.org/debian trixie/main arm64 g++-14-aarch64-linux-gnu arm64 14.2.0-19 [10.1 MB]
#8 21.87 Get:65 http://deb.debian.org/debian trixie/main arm64 g++-14 arm64 14.2.0-19 [22.5 kB]
#8 21.87 Get:66 http://deb.debian.org/debian trixie/main arm64 g++-aarch64-linux-gnu arm64 4:14.2.0-1 [1200 B]
#8 21.87 Get:67 http://deb.debian.org/debian trixie/main arm64 g++ arm64 4:14.2.0-1 [1332 B]
#8 21.89 Get:68 http://deb.debian.org/debian trixie/main arm64 make arm64 4.4.1-2 [452 kB]
#8 22.02 Get:69 http://deb.debian.org/debian trixie/main arm64 libdpkg-perl all 1.22.22 [651 kB]
#8 22.22 Get:70 http://deb.debian.org/debian trixie/main arm64 patch arm64 2.8-2 [128 kB]
#8 22.26 Get:71 http://deb.debian.org/debian trixie/main arm64 dpkg-dev all 1.22.22 [1337 kB]
#8 22.58 Get:72 http://deb.debian.org/debian trixie/main arm64 build-essential arm64 12.12 [4624 B]
#8 22.58 Get:73 http://deb.debian.org/debian trixie/main arm64 cmake-data all 3.31.6-2 [2268 kB]
#8 23.22 Get:74 http://deb.debian.org/debian trixie/main arm64 libxml2 arm64 2.12.7+dfsg+really2.9.14-2.1+deb13u2 [630 kB]
#8 23.38 Get:75 http://deb.debian.org/debian trixie/main arm64 libarchive13t64 arm64 3.7.4-4+deb13u1 [324 kB]
#8 23.53 Get:76 http://deb.debian.org/debian trixie/main arm64 libbrotli1 arm64 1.1.0-2+b7 [308 kB]
#8 23.59 Get:77 http://deb.debian.org/debian trixie/main arm64 libunistring5 arm64 1.3-2 [453 kB]
#8 23.68 Get:78 http://deb.debian.org/debian trixie/main arm64 libidn2-0 arm64 2.3.8-2 [107 kB]
#8 23.70 Get:79 http://deb.debian.org/debian trixie/main arm64 libsasl2-modules-db arm64 2.1.28+dfsg1-9 [20.1 kB]
#8 23.70 Get:80 http://deb.debian.org/debian trixie/main arm64 libsasl2-2 arm64 2.1.28+dfsg1-9 [55.6 kB]
#8 23.71 Get:81 http://deb.debian.org/debian trixie/main arm64 libldap2 arm64 2.6.10+dfsg-1 [179 kB]
#8 23.74 Get:82 http://deb.debian.org/debian-security trixie-security/main arm64 libnghttp2-14 arm64 1.64.0-1.1+deb13u1 [71.6 kB]
#8 23.75 Get:83 http://deb.debian.org/debian trixie/main arm64 libnghttp3-9 arm64 1.8.0-1 [63.2 kB]
#8 23.76 Get:84 http://deb.debian.org/debian trixie/main arm64 libpsl5t64 arm64 0.21.2-1.1+b1 [57.1 kB]
#8 23.77 Get:85 http://deb.debian.org/debian trixie/main arm64 libp11-kit0 arm64 0.25.5-3 [409 kB]
#8 23.86 Get:86 http://deb.debian.org/debian trixie/main arm64 libtasn1-6 arm64 4.20.0-2 [47.3 kB]
#8 23.86 Get:87 http://deb.debian.org/debian-security trixie-security/main arm64 libgnutls30t64 arm64 3.8.9-3+deb13u4 [1379 kB]
#8 24.16 Get:88 http://deb.debian.org/debian trixie/main arm64 librtmp1 arm64 2.4+20151223.gitfa8646d.1-2+b5 [56.8 kB]
#8 24.16 Get:89 http://deb.debian.org/debian trixie/main arm64 libssh2-1t64 arm64 1.11.1-1 [235 kB]
#8 24.23 Get:90 http://deb.debian.org/debian trixie/main arm64 libcurl4t64 arm64 8.14.1-2+deb13u3 [359 kB]
#8 24.31 Get:91 http://deb.debian.org/debian trixie/main arm64 libjsoncpp26 arm64 1.9.6-3 [72.9 kB]
#8 24.34 Get:92 http://deb.debian.org/debian trixie/main arm64 librhash1 arm64 1.4.5-1 [129 kB]
#8 24.39 Get:93 http://deb.debian.org/debian trixie/main arm64 libuv1t64 arm64 1.50.0-2 [148 kB]
#8 24.43 Get:94 http://deb.debian.org/debian trixie/main arm64 cmake arm64 3.31.6-2 [9906 kB]
#8 26.60 Get:95 http://deb.debian.org/debian trixie/main arm64 curl arm64 8.14.1-2+deb13u3 [262 kB]
#8 26.67 Get:96 http://deb.debian.org/debian trixie/main arm64 libfakeroot arm64 1.37.1.1-1 [29.6 kB]
#8 26.69 Get:97 http://deb.debian.org/debian trixie/main arm64 fakeroot arm64 1.37.1.1-1 [75.4 kB]
#8 26.72 Get:98 http://deb.debian.org/debian trixie/main arm64 libngtcp2-16 arm64 1.11.0-1+deb13u1 [121 kB]
#8 26.76 Get:99 http://deb.debian.org/debian trixie/main arm64 libngtcp2-crypto-gnutls8 arm64 1.11.0-1+deb13u1 [28.4 kB]
#8 27.03 Get:100 http://deb.debian.org/debian trixie/main arm64 libcurl3t64-gnutls arm64 8.14.1-2+deb13u3 [353 kB]
#8 27.29 Get:101 http://deb.debian.org/debian trixie/main arm64 liberror-perl all 0.17030-1 [26.9 kB]
#8 27.31 Get:102 http://deb.debian.org/debian trixie/main arm64 git-man all 1:2.47.3-0+deb13u1 [2205 kB]
#8 27.87 Get:103 http://deb.debian.org/debian trixie/main arm64 git arm64 1:2.47.3-0+deb13u1 [8666 kB]
#8 29.57 Get:104 http://deb.debian.org/debian trixie/main arm64 libalgorithm-diff-perl all 1.201-1 [43.3 kB]
#8 29.58 Get:105 http://deb.debian.org/debian trixie/main arm64 libalgorithm-diff-xs-perl arm64 0.04-9 [10.9 kB]
#8 29.58 Get:106 http://deb.debian.org/debian trixie/main arm64 libalgorithm-merge-perl all 0.08-5 [11.8 kB]
#8 29.60 Get:107 http://deb.debian.org/debian trixie/main arm64 libfile-fcntllock-perl arm64 0.22-4+b4 [34.6 kB]
#8 29.62 Get:108 http://deb.debian.org/debian trixie/main arm64 libldap-common all 2.6.10+dfsg-1 [35.1 kB]
#8 29.64 Get:109 http://deb.debian.org/debian trixie/main arm64 libpkgconf3 arm64 1.8.1-4 [35.3 kB]
#8 29.66 Get:110 http://deb.debian.org/debian-security trixie-security/main arm64 libpq5 arm64 17.10-0+deb13u1 [223 kB]
#8 29.71 Get:111 http://deb.debian.org/debian-security trixie-security/main arm64 libssl-dev arm64 3.5.6-1~deb13u2 [3393 kB]
#8 30.29 Get:112 http://deb.debian.org/debian-security trixie-security/main arm64 libpq-dev arm64 17.10-0+deb13u1 [151 kB]
#8 30.36 Get:113 http://deb.debian.org/debian trixie/main arm64 libsasl2-modules arm64 2.1.28+dfsg1-9 [62.9 kB]
#8 30.37 Get:114 http://deb.debian.org/debian trixie/main arm64 libxau6 arm64 1:1.0.11-1 [20.6 kB]
#8 30.37 Get:115 http://deb.debian.org/debian trixie/main arm64 libxdmcp6 arm64 1:1.1.5-1 [27.8 kB]
#8 30.40 Get:116 http://deb.debian.org/debian trixie/main arm64 libxcb1 arm64 1.17.0-2+b1 [143 kB]
#8 30.44 Get:117 http://deb.debian.org/debian trixie/main arm64 libx11-data all 2:1.8.12-1 [343 kB]
#8 30.51 Get:118 http://deb.debian.org/debian trixie/main arm64 libx11-6 arm64 2:1.8.12-1 [795 kB]
#8 30.83 Get:119 http://deb.debian.org/debian trixie/main arm64 libxext6 arm64 2:1.3.4-1+b3 [49.2 kB]
#8 30.85 Get:120 http://deb.debian.org/debian trixie/main arm64 libxmuu1 arm64 2:1.1.3-3+b4 [22.0 kB]
#8 30.87 Get:121 http://deb.debian.org/debian trixie/main arm64 manpages-dev all 6.9.1-1 [2122 kB]
#8 31.28 Get:122 http://deb.debian.org/debian-security trixie-security/main arm64 openssl arm64 3.5.6-1~deb13u2 [1467 kB]
#8 31.61 Get:123 http://deb.debian.org/debian trixie/main arm64 pkgconf-bin arm64 1.8.1-4 [29.6 kB]
#8 31.63 Get:124 http://deb.debian.org/debian trixie/main arm64 pkgconf arm64 1.8.1-4 [26.1 kB]
#8 31.63 Get:125 http://deb.debian.org/debian trixie/main arm64 pkg-config arm64 1.8.1-4 [14.0 kB]
#8 31.64 Get:126 http://deb.debian.org/debian trixie/main arm64 psmisc arm64 23.7-2 [265 kB]
#8 31.68 Get:127 http://deb.debian.org/debian trixie/main arm64 publicsuffix all 20250328.1952-0.1 [296 kB]
#8 31.72 Get:128 http://deb.debian.org/debian trixie/main arm64 sq arm64 1.3.1-2+b2 [4979 kB]
#8 32.29 Get:129 http://deb.debian.org/debian trixie/main arm64 xauth arm64 1:1.1.2-1.1 [35.4 kB]
#8 32.43 debconf: unable to initialize frontend: Dialog
#8 32.43 debconf: (TERM is not set, so the dialog frontend is not usable.)
#8 32.43 debconf: falling back to frontend: Readline
#8 32.43 debconf: unable to initialize frontend: Readline
#8 32.43 debconf: (Can't locate Term/ReadLine.pm in @INC (you may need to install the Term::ReadLine module) (@INC entries checked: /etc/perl /usr/local/lib/aarch64-linux-gnu/perl/5.40.1 /usr/local/share/perl/5.40.1 /usr/lib/aarch64-linux-gnu/perl5/5.40 /usr/share/perl5 /usr/lib/aarch64-linux-gnu/perl-base /usr/lib/aarch64-linux-gnu/perl/5.40 /usr/share/perl/5.40 /usr/local/lib/site_perl) at /usr/share/perl5/Debconf/FrontEnd/Readline.pm line 8, <STDIN> line 129.)
#8 32.43 debconf: falling back to frontend: Teletype
#8 32.43 debconf: unable to initialize frontend: Teletype
#8 32.43 debconf: (This frontend requires a controlling tty.)
#8 32.43 debconf: falling back to frontend: Noninteractive
#8 33.86 Fetched 124 MB in 29s (4327 kB/s)
#8 33.87 Selecting previously unselected package libexpat1:arm64.
#8 33.87 (Reading database ... (Reading database ... 5%(Reading database ... 10%(Reading database ... 15%(Reading database ... 20%(Reading database ... 25%(Reading database ... 30%(Reading database ... 35%(Reading database ... 40%(Reading database ... 45%(Reading database ... 50%(Reading database ... 55%(Reading database ... 60%(Reading database ... 65%(Reading database ... 70%(Reading database ... 75%(Reading database ... 80%(Reading database ... 85%(Reading database ... 90%(Reading database ... 95%(Reading database ... 100%(Reading database ... 5642 files and directories currently installed.)
#8 33.87 Preparing to unpack .../libexpat1_2.7.1-2_arm64.deb ...
#8 33.87 Unpacking libexpat1:arm64 (2.7.1-2) ...
#8 33.89 Selecting previously unselected package liblocale-gettext-perl.
#8 33.89 Preparing to unpack .../liblocale-gettext-perl_1.07-7+b1_arm64.deb ...
#8 33.89 Unpacking liblocale-gettext-perl (1.07-7+b1) ...
#8 33.90 Preparing to unpack .../openssl-provider-legacy_3.5.6-1~deb13u2_arm64.deb ...
#8 33.90 Unpacking openssl-provider-legacy (3.5.6-1~deb13u2) over (3.5.6-1~deb13u1) ...
#8 33.91 Setting up openssl-provider-legacy (3.5.6-1~deb13u2) ...
#8 33.93 (Reading database ... (Reading database ... 5%(Reading database ... 10%(Reading database ... 15%(Reading database ... 20%(Reading database ... 25%(Reading database ... 30%(Reading database ... 35%(Reading database ... 40%(Reading database ... 45%(Reading database ... 50%(Reading database ... 55%(Reading database ... 60%(Reading database ... 65%(Reading database ... 70%(Reading database ... 75%(Reading database ... 80%(Reading database ... 85%(Reading database ... 90%(Reading database ... 95%(Reading database ... 100%(Reading database ... 5666 files and directories currently installed.)
#8 33.93 Preparing to unpack .../libssl3t64_3.5.6-1~deb13u2_arm64.deb ...
#8 33.93 Unpacking libssl3t64:arm64 (3.5.6-1~deb13u2) over (3.5.6-1~deb13u1) ...
#8 34.03 Setting up libssl3t64:arm64 (3.5.6-1~deb13u2) ...
#8 34.05 Selecting previously unselected package less.
#8 34.05 (Reading database ... (Reading database ... 5%(Reading database ... 10%(Reading database ... 15%(Reading database ... 20%(Reading database ... 25%(Reading database ... 30%(Reading database ... 35%(Reading database ... 40%(Reading database ... 45%(Reading database ... 50%(Reading database ... 55%(Reading database ... 60%(Reading database ... 65%(Reading database ... 70%(Reading database ... 75%(Reading database ... 80%(Reading database ... 85%(Reading database ... 90%(Reading database ... 95%(Reading database ... 100%(Reading database ... 5666 files and directories currently installed.)
#8 34.05 Preparing to unpack .../000-less_668-1_arm64.deb ...
#8 34.05 Unpacking less (668-1) ...
#8 34.06 Selecting previously unselected package linux-sysctl-defaults.
#8 34.06 Preparing to unpack .../001-linux-sysctl-defaults_4.12.1_all.deb ...
#8 34.06 Unpacking linux-sysctl-defaults (4.12.1) ...
#8 34.07 Selecting previously unselected package libproc2-0:arm64.
#8 34.07 Preparing to unpack .../002-libproc2-0_2%3a4.0.4-9_arm64.deb ...
#8 34.07 Unpacking libproc2-0:arm64 (2:4.0.4-9) ...
#8 34.09 Selecting previously unselected package procps.
#8 34.09 Preparing to unpack .../003-procps_2%3a4.0.4-9_arm64.deb ...
#8 34.09 Unpacking procps (2:4.0.4-9) ...
#8 34.15 Selecting previously unselected package bash-completion.
#8 34.15 Preparing to unpack .../004-bash-completion_1%3a2.16.0-7_all.deb ...
#8 34.15 Unpacking bash-completion (1:2.16.0-7) ...
#8 34.24 Selecting previously unselected package bzip2.
#8 34.24 Preparing to unpack .../005-bzip2_1.0.8-6_arm64.deb ...
#8 34.24 Unpacking bzip2 (1.0.8-6) ...
#8 34.25 Selecting previously unselected package krb5-locales.
#8 34.25 Preparing to unpack .../006-krb5-locales_1.21.3-5+deb13u1_all.deb ...
#8 34.25 Unpacking krb5-locales (1.21.3-5+deb13u1) ...
#8 34.27 Selecting previously unselected package manpages.
#8 34.27 Preparing to unpack .../007-manpages_6.9.1-1_all.deb ...
#8 34.27 Unpacking manpages (6.9.1-1) ...
#8 34.32 Selecting previously unselected package libedit2:arm64.
#8 34.32 Preparing to unpack .../008-libedit2_3.1-20250104-1_arm64.deb ...
#8 34.32 Unpacking libedit2:arm64 (3.1-20250104-1) ...
#8 34.34 Selecting previously unselected package libcbor0.10:arm64.
#8 34.34 Preparing to unpack .../009-libcbor0.10_0.10.2-2_arm64.deb ...
#8 34.34 Unpacking libcbor0.10:arm64 (0.10.2-2) ...
#8 34.35 Selecting previously unselected package libfido2-1:arm64.
#8 34.35 Preparing to unpack .../010-libfido2-1_1.15.0-1+b1_arm64.deb ...
#8 34.35 Unpacking libfido2-1:arm64 (1.15.0-1+b1) ...
#8 34.36 Selecting previously unselected package libkrb5support0:arm64.
#8 34.36 Preparing to unpack .../011-libkrb5support0_1.21.3-5+deb13u1_arm64.deb ...
#8 34.36 Unpacking libkrb5support0:arm64 (1.21.3-5+deb13u1) ...
#8 34.37 Selecting previously unselected package libcom-err2:arm64.
#8 34.37 Preparing to unpack .../012-libcom-err2_1.47.2-3+b11_arm64.deb ...
#8 34.38 Unpacking libcom-err2:arm64 (1.47.2-3+b11) ...
#8 34.39 Selecting previously unselected package libk5crypto3:arm64.
#8 34.39 Preparing to unpack .../013-libk5crypto3_1.21.3-5+deb13u1_arm64.deb ...
#8 34.39 Unpacking libk5crypto3:arm64 (1.21.3-5+deb13u1) ...
#8 34.40 Selecting previously unselected package libkeyutils1:arm64.
#8 34.40 Preparing to unpack .../014-libkeyutils1_1.6.3-6_arm64.deb ...
#8 34.40 Unpacking libkeyutils1:arm64 (1.6.3-6) ...
#8 34.41 Selecting previously unselected package libkrb5-3:arm64.
#8 34.41 Preparing to unpack .../015-libkrb5-3_1.21.3-5+deb13u1_arm64.deb ...
#8 34.41 Unpacking libkrb5-3:arm64 (1.21.3-5+deb13u1) ...
#8 34.44 Selecting previously unselected package libgssapi-krb5-2:arm64.
#8 34.44 Preparing to unpack .../016-libgssapi-krb5-2_1.21.3-5+deb13u1_arm64.deb ...
#8 34.44 Unpacking libgssapi-krb5-2:arm64 (1.21.3-5+deb13u1) ...
#8 34.46 Selecting previously unselected package openssh-client.
#8 34.46 Preparing to unpack .../017-openssh-client_1%3a10.0p1-7+deb13u4_arm64.deb ...
#8 34.46 Unpacking openssh-client (1:10.0p1-7+deb13u4) ...
#8 34.51 Selecting previously unselected package perl-modules-5.40.
#8 34.51 Preparing to unpack .../018-perl-modules-5.40_5.40.1-6_all.deb ...
#8 34.52 Unpacking perl-modules-5.40 (5.40.1-6) ...
#8 34.73 Selecting previously unselected package libgdbm-compat4t64:arm64.
#8 34.73 Preparing to unpack .../019-libgdbm-compat4t64_1.24-2_arm64.deb ...
#8 34.73 Unpacking libgdbm-compat4t64:arm64 (1.24-2) ...
#8 34.74 Selecting previously unselected package libperl5.40:arm64.
#8 34.74 Preparing to unpack .../020-libperl5.40_5.40.1-6_arm64.deb ...
#8 34.74 Unpacking libperl5.40:arm64 (5.40.1-6) ...
#8 34.95 Selecting previously unselected package perl.
#8 34.95 Preparing to unpack .../021-perl_5.40.1-6_arm64.deb ...
#8 34.95 Unpacking perl (5.40.1-6) ...
#8 34.97 Selecting previously unselected package xz-utils.
#8 34.97 Preparing to unpack .../022-xz-utils_5.8.1-1_arm64.deb ...
#8 34.97 Unpacking xz-utils (5.8.1-1) ...
#8 35.00 Selecting previously unselected package libsframe1:arm64.
#8 35.00 Preparing to unpack .../023-libsframe1_2.44-3_arm64.deb ...
#8 35.00 Unpacking libsframe1:arm64 (2.44-3) ...
#8 35.01 Selecting previously unselected package binutils-common:arm64.
#8 35.01 Preparing to unpack .../024-binutils-common_2.44-3_arm64.deb ...
#8 35.01 Unpacking binutils-common:arm64 (2.44-3) ...
#8 35.14 Selecting previously unselected package libbinutils:arm64.
#8 35.14 Preparing to unpack .../025-libbinutils_2.44-3_arm64.deb ...
#8 35.14 Unpacking libbinutils:arm64 (2.44-3) ...
#8 35.18 Selecting previously unselected package libgprofng0:arm64.
#8 35.18 Preparing to unpack .../026-libgprofng0_2.44-3_arm64.deb ...
#8 35.18 Unpacking libgprofng0:arm64 (2.44-3) ...
#8 35.22 Selecting previously unselected package libctf-nobfd0:arm64.
#8 35.22 Preparing to unpack .../027-libctf-nobfd0_2.44-3_arm64.deb ...
#8 35.22 Unpacking libctf-nobfd0:arm64 (2.44-3) ...
#8 35.24 Selecting previously unselected package libctf0:arm64.
#8 35.24 Preparing to unpack .../028-libctf0_2.44-3_arm64.deb ...
#8 35.24 Unpacking libctf0:arm64 (2.44-3) ...
#8 35.25 Selecting previously unselected package libjansson4:arm64.
#8 35.25 Preparing to unpack .../029-libjansson4_2.14-2+b3_arm64.deb ...
#8 35.25 Unpacking libjansson4:arm64 (2.14-2+b3) ...
#8 35.26 Selecting previously unselected package binutils-aarch64-linux-gnu.
#8 35.26 Preparing to unpack .../030-binutils-aarch64-linux-gnu_2.44-3_arm64.deb ...
#8 35.26 Unpacking binutils-aarch64-linux-gnu (2.44-3) ...
#8 35.33 Selecting previously unselected package binutils.
#8 35.34 Preparing to unpack .../031-binutils_2.44-3_arm64.deb ...
#8 35.34 Unpacking binutils (2.44-3) ...
#8 35.36 Selecting previously unselected package libc-dev-bin.
#8 35.36 Preparing to unpack .../032-libc-dev-bin_2.41-12+deb13u3_arm64.deb ...
#8 35.36 Unpacking libc-dev-bin (2.41-12+deb13u3) ...
#8 35.37 Selecting previously unselected package linux-libc-dev.
#8 35.37 Preparing to unpack .../033-linux-libc-dev_6.12.90-2_all.deb ...
#8 35.37 Unpacking linux-libc-dev (6.12.90-2) ...
#8 35.50 Selecting previously unselected package libcrypt-dev:arm64.
#8 35.50 Preparing to unpack .../034-libcrypt-dev_1%3a4.4.38-1_arm64.deb ...
#8 35.50 Unpacking libcrypt-dev:arm64 (1:4.4.38-1) ...
#8 35.52 Selecting previously unselected package rpcsvc-proto.
#8 35.52 Preparing to unpack .../035-rpcsvc-proto_1.4.3-1+b1_arm64.deb ...
#8 35.52 Unpacking rpcsvc-proto (1.4.3-1+b1) ...
#8 35.53 Selecting previously unselected package libc6-dev:arm64.
#8 35.53 Preparing to unpack .../036-libc6-dev_2.41-12+deb13u3_arm64.deb ...
#8 35.53 Unpacking libc6-dev:arm64 (2.41-12+deb13u3) ...
#8 35.63 Selecting previously unselected package libisl23:arm64.
#8 35.64 Preparing to unpack .../037-libisl23_0.27-1_arm64.deb ...
#8 35.64 Unpacking libisl23:arm64 (0.27-1) ...
#8 35.67 Selecting previously unselected package libmpfr6:arm64.
#8 35.67 Preparing to unpack .../038-libmpfr6_4.2.2-1_arm64.deb ...
#8 35.67 Unpacking libmpfr6:arm64 (4.2.2-1) ...
#8 35.70 Selecting previously unselected package libmpc3:arm64.
#8 35.70 Preparing to unpack .../039-libmpc3_1.3.1-1+b3_arm64.deb ...
#8 35.70 Unpacking libmpc3:arm64 (1.3.1-1+b3) ...
#8 35.71 Selecting previously unselected package cpp-14-aarch64-linux-gnu.
#8 35.71 Preparing to unpack .../040-cpp-14-aarch64-linux-gnu_14.2.0-19_arm64.deb ...
#8 35.71 Unpacking cpp-14-aarch64-linux-gnu (14.2.0-19) ...
#8 36.05 Selecting previously unselected package cpp-14.
#8 36.05 Preparing to unpack .../041-cpp-14_14.2.0-19_arm64.deb ...
#8 36.05 Unpacking cpp-14 (14.2.0-19) ...
#8 36.06 Selecting previously unselected package cpp-aarch64-linux-gnu.
#8 36.06 Preparing to unpack .../042-cpp-aarch64-linux-gnu_4%3a14.2.0-1_arm64.deb ...
#8 36.06 Unpacking cpp-aarch64-linux-gnu (4:14.2.0-1) ...
#8 36.07 Selecting previously unselected package cpp.
#8 36.07 Preparing to unpack .../043-cpp_4%3a14.2.0-1_arm64.deb ...
#8 36.07 Unpacking cpp (4:14.2.0-1) ...
#8 36.08 Selecting previously unselected package libcc1-0:arm64.
#8 36.08 Preparing to unpack .../044-libcc1-0_14.2.0-19_arm64.deb ...
#8 36.08 Unpacking libcc1-0:arm64 (14.2.0-19) ...
#8 36.10 Selecting previously unselected package libgomp1:arm64.
#8 36.10 Preparing to unpack .../045-libgomp1_14.2.0-19_arm64.deb ...
#8 36.10 Unpacking libgomp1:arm64 (14.2.0-19) ...
#8 36.11 Selecting previously unselected package libitm1:arm64.
#8 36.11 Preparing to unpack .../046-libitm1_14.2.0-19_arm64.deb ...
#8 36.11 Unpacking libitm1:arm64 (14.2.0-19) ...
#8 36.12 Selecting previously unselected package libatomic1:arm64.
#8 36.12 Preparing to unpack .../047-libatomic1_14.2.0-19_arm64.deb ...
#8 36.13 Unpacking libatomic1:arm64 (14.2.0-19) ...
#8 36.14 Selecting previously unselected package libasan8:arm64.
#8 36.14 Preparing to unpack .../048-libasan8_14.2.0-19_arm64.deb ...
#8 36.14 Unpacking libasan8:arm64 (14.2.0-19) ...
#8 36.27 Selecting previously unselected package liblsan0:arm64.
#8 36.27 Preparing to unpack .../049-liblsan0_14.2.0-19_arm64.deb ...
#8 36.27 Unpacking liblsan0:arm64 (14.2.0-19) ...
#8 36.34 Selecting previously unselected package libtsan2:arm64.
#8 36.34 Preparing to unpack .../050-libtsan2_14.2.0-19_arm64.deb ...
#8 36.34 Unpacking libtsan2:arm64 (14.2.0-19) ...
#8 36.45 Selecting previously unselected package libubsan1:arm64.
#8 36.45 Preparing to unpack .../051-libubsan1_14.2.0-19_arm64.deb ...
#8 36.45 Unpacking libubsan1:arm64 (14.2.0-19) ...
#8 36.51 Selecting previously unselected package libhwasan0:arm64.
#8 36.51 Preparing to unpack .../052-libhwasan0_14.2.0-19_arm64.deb ...
#8 36.51 Unpacking libhwasan0:arm64 (14.2.0-19) ...
#8 36.57 Selecting previously unselected package libgcc-14-dev:arm64.
#8 36.58 Preparing to unpack .../053-libgcc-14-dev_14.2.0-19_arm64.deb ...
#8 36.58 Unpacking libgcc-14-dev:arm64 (14.2.0-19) ...
#8 36.68 Selecting previously unselected package gcc-14-aarch64-linux-gnu.
#8 36.68 Preparing to unpack .../054-gcc-14-aarch64-linux-gnu_14.2.0-19_arm64.deb ...
#8 36.68 Unpacking gcc-14-aarch64-linux-gnu (14.2.0-19) ...
#8 37.10 Selecting previously unselected package gcc-14.
#8 37.10 Preparing to unpack .../055-gcc-14_14.2.0-19_arm64.deb ...
#8 37.10 Unpacking gcc-14 (14.2.0-19) ...
#8 37.12 Selecting previously unselected package gcc-aarch64-linux-gnu.
#8 37.12 Preparing to unpack .../056-gcc-aarch64-linux-gnu_4%3a14.2.0-1_arm64.deb ...
#8 37.12 Unpacking gcc-aarch64-linux-gnu (4:14.2.0-1) ...
#8 37.13 Selecting previously unselected package gcc.
#8 37.13 Preparing to unpack .../057-gcc_4%3a14.2.0-1_arm64.deb ...
#8 37.13 Unpacking gcc (4:14.2.0-1) ...
#8 37.14 Selecting previously unselected package libstdc++-14-dev:arm64.
#8 37.14 Preparing to unpack .../058-libstdc++-14-dev_14.2.0-19_arm64.deb ...
#8 37.14 Unpacking libstdc++-14-dev:arm64 (14.2.0-19) ...
#8 37.27 Selecting previously unselected package g++-14-aarch64-linux-gnu.
#8 37.28 Preparing to unpack .../059-g++-14-aarch64-linux-gnu_14.2.0-19_arm64.deb ...
#8 37.28 Unpacking g++-14-aarch64-linux-gnu (14.2.0-19) ...
#8 37.64 Selecting previously unselected package g++-14.
#8 37.64 Preparing to unpack .../060-g++-14_14.2.0-19_arm64.deb ...
#8 37.64 Unpacking g++-14 (14.2.0-19) ...
#8 37.65 Selecting previously unselected package g++-aarch64-linux-gnu.
#8 37.65 Preparing to unpack .../061-g++-aarch64-linux-gnu_4%3a14.2.0-1_arm64.deb ...
#8 37.65 Unpacking g++-aarch64-linux-gnu (4:14.2.0-1) ...
#8 37.66 Selecting previously unselected package g++.
#8 37.66 Preparing to unpack .../062-g++_4%3a14.2.0-1_arm64.deb ...
#8 37.66 Unpacking g++ (4:14.2.0-1) ...
#8 37.67 Selecting previously unselected package make.
#8 37.67 Preparing to unpack .../063-make_4.4.1-2_arm64.deb ...
#8 37.67 Unpacking make (4.4.1-2) ...
#8 37.69 Selecting previously unselected package libdpkg-perl.
#8 37.69 Preparing to unpack .../064-libdpkg-perl_1.22.22_all.deb ...
#8 37.70 Unpacking libdpkg-perl (1.22.22) ...
#8 37.73 Selecting previously unselected package patch.
#8 37.73 Preparing to unpack .../065-patch_2.8-2_arm64.deb ...
#8 37.73 Unpacking patch (2.8-2) ...
#8 37.74 Selecting previously unselected package dpkg-dev.
#8 37.74 Preparing to unpack .../066-dpkg-dev_1.22.22_all.deb ...
#8 37.74 Unpacking dpkg-dev (1.22.22) ...
#8 37.80 Selecting previously unselected package build-essential.
#8 37.80 Preparing to unpack .../067-build-essential_12.12_arm64.deb ...
#8 37.80 Unpacking build-essential (12.12) ...
#8 37.82 Selecting previously unselected package cmake-data.
#8 37.82 Preparing to unpack .../068-cmake-data_3.31.6-2_all.deb ...
#8 37.82 Unpacking cmake-data (3.31.6-2) ...
#8 38.00 Selecting previously unselected package libxml2:arm64.
#8 38.00 Preparing to unpack .../069-libxml2_2.12.7+dfsg+really2.9.14-2.1+deb13u2_arm64.deb ...
#8 38.01 Unpacking libxml2:arm64 (2.12.7+dfsg+really2.9.14-2.1+deb13u2) ...
#8 38.04 Selecting previously unselected package libarchive13t64:arm64.
#8 38.04 Preparing to unpack .../070-libarchive13t64_3.7.4-4+deb13u1_arm64.deb ...
#8 38.04 Unpacking libarchive13t64:arm64 (3.7.4-4+deb13u1) ...
#8 38.07 Selecting previously unselected package libbrotli1:arm64.
#8 38.07 Preparing to unpack .../071-libbrotli1_1.1.0-2+b7_arm64.deb ...
#8 38.07 Unpacking libbrotli1:arm64 (1.1.0-2+b7) ...
#8 38.09 Selecting previously unselected package libunistring5:arm64.
#8 38.09 Preparing to unpack .../072-libunistring5_1.3-2_arm64.deb ...
#8 38.09 Unpacking libunistring5:arm64 (1.3-2) ...
#8 38.12 Selecting previously unselected package libidn2-0:arm64.
#8 38.12 Preparing to unpack .../073-libidn2-0_2.3.8-2_arm64.deb ...
#8 38.13 Unpacking libidn2-0:arm64 (2.3.8-2) ...
#8 38.14 Selecting previously unselected package libsasl2-modules-db:arm64.
#8 38.14 Preparing to unpack .../074-libsasl2-modules-db_2.1.28+dfsg1-9_arm64.deb ...
#8 38.14 Unpacking libsasl2-modules-db:arm64 (2.1.28+dfsg1-9) ...
#8 38.15 Selecting previously unselected package libsasl2-2:arm64.
#8 38.15 Preparing to unpack .../075-libsasl2-2_2.1.28+dfsg1-9_arm64.deb ...
#8 38.15 Unpacking libsasl2-2:arm64 (2.1.28+dfsg1-9) ...
#8 38.16 Selecting previously unselected package libldap2:arm64.
#8 38.16 Preparing to unpack .../076-libldap2_2.6.10+dfsg-1_arm64.deb ...
#8 38.16 Unpacking libldap2:arm64 (2.6.10+dfsg-1) ...
#8 38.18 Selecting previously unselected package libnghttp2-14:arm64.
#8 38.18 Preparing to unpack .../077-libnghttp2-14_1.64.0-1.1+deb13u1_arm64.deb ...
#8 38.18 Unpacking libnghttp2-14:arm64 (1.64.0-1.1+deb13u1) ...
#8 38.19 Selecting previously unselected package libnghttp3-9:arm64.
#8 38.19 Preparing to unpack .../078-libnghttp3-9_1.8.0-1_arm64.deb ...
#8 38.19 Unpacking libnghttp3-9:arm64 (1.8.0-1) ...
#8 38.20 Selecting previously unselected package libpsl5t64:arm64.
#8 38.20 Preparing to unpack .../079-libpsl5t64_0.21.2-1.1+b1_arm64.deb ...
#8 38.20 Unpacking libpsl5t64:arm64 (0.21.2-1.1+b1) ...
#8 38.22 Selecting previously unselected package libp11-kit0:arm64.
#8 38.22 Preparing to unpack .../080-libp11-kit0_0.25.5-3_arm64.deb ...
#8 38.22 Unpacking libp11-kit0:arm64 (0.25.5-3) ...
#8 38.24 Selecting previously unselected package libtasn1-6:arm64.
#8 38.24 Preparing to unpack .../081-libtasn1-6_4.20.0-2_arm64.deb ...
#8 38.24 Unpacking libtasn1-6:arm64 (4.20.0-2) ...
#8 38.25 Selecting previously unselected package libgnutls30t64:arm64.
#8 38.25 Preparing to unpack .../082-libgnutls30t64_3.8.9-3+deb13u4_arm64.deb ...
#8 38.26 Unpacking libgnutls30t64:arm64 (3.8.9-3+deb13u4) ...
#8 38.31 Selecting previously unselected package librtmp1:arm64.
#8 38.31 Preparing to unpack .../083-librtmp1_2.4+20151223.gitfa8646d.1-2+b5_arm64.deb ...
#8 38.31 Unpacking librtmp1:arm64 (2.4+20151223.gitfa8646d.1-2+b5) ...
#8 38.33 Selecting previously unselected package libssh2-1t64:arm64.
#8 38.33 Preparing to unpack .../084-libssh2-1t64_1.11.1-1_arm64.deb ...
#8 38.33 Unpacking libssh2-1t64:arm64 (1.11.1-1) ...
#8 38.36 Selecting previously unselected package libcurl4t64:arm64.
#8 38.36 Preparing to unpack .../085-libcurl4t64_8.14.1-2+deb13u3_arm64.deb ...
#8 38.36 Unpacking libcurl4t64:arm64 (8.14.1-2+deb13u3) ...
#8 38.39 Selecting previously unselected package libjsoncpp26:arm64.
#8 38.39 Preparing to unpack .../086-libjsoncpp26_1.9.6-3_arm64.deb ...
#8 38.39 Unpacking libjsoncpp26:arm64 (1.9.6-3) ...
#8 38.40 Selecting previously unselected package librhash1:arm64.
#8 38.41 Preparing to unpack .../087-librhash1_1.4.5-1_arm64.deb ...
#8 38.41 Unpacking librhash1:arm64 (1.4.5-1) ...
#8 38.43 Selecting previously unselected package libuv1t64:arm64.
#8 38.43 Preparing to unpack .../088-libuv1t64_1.50.0-2_arm64.deb ...
#8 38.43 Unpacking libuv1t64:arm64 (1.50.0-2) ...
#8 38.44 Selecting previously unselected package cmake.
#8 38.44 Preparing to unpack .../089-cmake_3.31.6-2_arm64.deb ...
#8 38.44 Unpacking cmake (3.31.6-2) ...
#8 38.77 Selecting previously unselected package curl.
#8 38.77 Preparing to unpack .../090-curl_8.14.1-2+deb13u3_arm64.deb ...
#8 38.77 Unpacking curl (8.14.1-2+deb13u3) ...
#8 38.79 Selecting previously unselected package libfakeroot:arm64.
#8 38.79 Preparing to unpack .../091-libfakeroot_1.37.1.1-1_arm64.deb ...
#8 38.79 Unpacking libfakeroot:arm64 (1.37.1.1-1) ...
#8 38.80 Selecting previously unselected package fakeroot.
#8 38.80 Preparing to unpack .../092-fakeroot_1.37.1.1-1_arm64.deb ...
#8 38.80 Unpacking fakeroot (1.37.1.1-1) ...
#8 38.81 Selecting previously unselected package libngtcp2-16:arm64.
#8 38.81 Preparing to unpack .../093-libngtcp2-16_1.11.0-1+deb13u1_arm64.deb ...
#8 38.81 Unpacking libngtcp2-16:arm64 (1.11.0-1+deb13u1) ...
#8 38.83 Selecting previously unselected package libngtcp2-crypto-gnutls8:arm64.
#8 38.83 Preparing to unpack .../094-libngtcp2-crypto-gnutls8_1.11.0-1+deb13u1_arm64.deb ...
#8 38.83 Unpacking libngtcp2-crypto-gnutls8:arm64 (1.11.0-1+deb13u1) ...
#8 38.84 Selecting previously unselected package libcurl3t64-gnutls:arm64.
#8 38.84 Preparing to unpack .../095-libcurl3t64-gnutls_8.14.1-2+deb13u3_arm64.deb ...
#8 38.84 Unpacking libcurl3t64-gnutls:arm64 (8.14.1-2+deb13u3) ...
#8 38.86 Selecting previously unselected package liberror-perl.
#8 38.86 Preparing to unpack .../096-liberror-perl_0.17030-1_all.deb ...
#8 38.87 Unpacking liberror-perl (0.17030-1) ...
#8 38.87 Selecting previously unselected package git-man.
#8 38.88 Preparing to unpack .../097-git-man_1%3a2.47.3-0+deb13u1_all.deb ...
#8 38.88 Unpacking git-man (1:2.47.3-0+deb13u1) ...
#8 38.94 Selecting previously unselected package git.
#8 38.94 Preparing to unpack .../098-git_1%3a2.47.3-0+deb13u1_arm64.deb ...
#8 38.94 Unpacking git (1:2.47.3-0+deb13u1) ...
#8 39.19 Selecting previously unselected package libalgorithm-diff-perl.
#8 39.19 Preparing to unpack .../099-libalgorithm-diff-perl_1.201-1_all.deb ...
#8 39.19 Unpacking libalgorithm-diff-perl (1.201-1) ...
#8 39.20 Selecting previously unselected package libalgorithm-diff-xs-perl.
#8 39.20 Preparing to unpack .../100-libalgorithm-diff-xs-perl_0.04-9_arm64.deb ...
#8 39.20 Unpacking libalgorithm-diff-xs-perl (0.04-9) ...
#8 39.21 Selecting previously unselected package libalgorithm-merge-perl.
#8 39.21 Preparing to unpack .../101-libalgorithm-merge-perl_0.08-5_all.deb ...
#8 39.22 Unpacking libalgorithm-merge-perl (0.08-5) ...
#8 39.22 Selecting previously unselected package libfile-fcntllock-perl.
#8 39.22 Preparing to unpack .../102-libfile-fcntllock-perl_0.22-4+b4_arm64.deb ...
#8 39.23 Unpacking libfile-fcntllock-perl (0.22-4+b4) ...
#8 39.24 Selecting previously unselected package libldap-common.
#8 39.24 Preparing to unpack .../103-libldap-common_2.6.10+dfsg-1_all.deb ...
#8 39.24 Unpacking libldap-common (2.6.10+dfsg-1) ...
#8 39.25 Selecting previously unselected package libpkgconf3:arm64.
#8 39.25 Preparing to unpack .../104-libpkgconf3_1.8.1-4_arm64.deb ...
#8 39.25 Unpacking libpkgconf3:arm64 (1.8.1-4) ...
#8 39.26 Selecting previously unselected package libpq5:arm64.
#8 39.26 Preparing to unpack .../105-libpq5_17.10-0+deb13u1_arm64.deb ...
#8 39.26 Unpacking libpq5:arm64 (17.10-0+deb13u1) ...
#8 39.28 Selecting previously unselected package libssl-dev:arm64.
#8 39.28 Preparing to unpack .../106-libssl-dev_3.5.6-1~deb13u2_arm64.deb ...
#8 39.29 Unpacking libssl-dev:arm64 (3.5.6-1~deb13u2) ...
#8 39.42 Selecting previously unselected package libpq-dev.
#8 39.42 Preparing to unpack .../107-libpq-dev_17.10-0+deb13u1_arm64.deb ...
#8 39.42 Unpacking libpq-dev (17.10-0+deb13u1) ...
#8 39.44 Selecting previously unselected package libsasl2-modules:arm64.
#8 39.44 Preparing to unpack .../108-libsasl2-modules_2.1.28+dfsg1-9_arm64.deb ...
#8 39.44 Unpacking libsasl2-modules:arm64 (2.1.28+dfsg1-9) ...
#8 39.45 Selecting previously unselected package libxau6:arm64.
#8 39.46 Preparing to unpack .../109-libxau6_1%3a1.0.11-1_arm64.deb ...
#8 39.46 Unpacking libxau6:arm64 (1:1.0.11-1) ...
#8 39.47 Selecting previously unselected package libxdmcp6:arm64.
#8 39.47 Preparing to unpack .../110-libxdmcp6_1%3a1.1.5-1_arm64.deb ...
#8 39.47 Unpacking libxdmcp6:arm64 (1:1.1.5-1) ...
#8 39.48 Selecting previously unselected package libxcb1:arm64.
#8 39.48 Preparing to unpack .../111-libxcb1_1.17.0-2+b1_arm64.deb ...
#8 39.48 Unpacking libxcb1:arm64 (1.17.0-2+b1) ...
#8 39.49 Selecting previously unselected package libx11-data.
#8 39.49 Preparing to unpack .../112-libx11-data_2%3a1.8.12-1_all.deb ...
#8 39.49 Unpacking libx11-data (2:1.8.12-1) ...
#8 39.52 Selecting previously unselected package libx11-6:arm64.
#8 39.52 Preparing to unpack .../113-libx11-6_2%3a1.8.12-1_arm64.deb ...
#8 39.52 Unpacking libx11-6:arm64 (2:1.8.12-1) ...
#8 39.56 Selecting previously unselected package libxext6:arm64.
#8 39.56 Preparing to unpack .../114-libxext6_2%3a1.3.4-1+b3_arm64.deb ...
#8 39.56 Unpacking libxext6:arm64 (2:1.3.4-1+b3) ...
#8 39.57 Selecting previously unselected package libxmuu1:arm64.
#8 39.57 Preparing to unpack .../115-libxmuu1_2%3a1.1.3-3+b4_arm64.deb ...
#8 39.57 Unpacking libxmuu1:arm64 (2:1.1.3-3+b4) ...
#8 39.59 Selecting previously unselected package manpages-dev.
#8 39.59 Preparing to unpack .../116-manpages-dev_6.9.1-1_all.deb ...
#8 39.59 Unpacking manpages-dev (6.9.1-1) ...
#8 39.69 Preparing to unpack .../117-openssl_3.5.6-1~deb13u2_arm64.deb ...
#8 39.70 Unpacking openssl (3.5.6-1~deb13u2) over (3.5.6-1~deb13u1) ...
#8 39.76 Selecting previously unselected package pkgconf-bin.
#8 39.76 Preparing to unpack .../118-pkgconf-bin_1.8.1-4_arm64.deb ...
#8 39.76 Unpacking pkgconf-bin (1.8.1-4) ...
#8 39.77 Selecting previously unselected package pkgconf:arm64.
#8 39.77 Preparing to unpack .../119-pkgconf_1.8.1-4_arm64.deb ...
#8 39.77 Unpacking pkgconf:arm64 (1.8.1-4) ...
#8 39.78 Selecting previously unselected package pkg-config:arm64.
#8 39.78 Preparing to unpack .../120-pkg-config_1.8.1-4_arm64.deb ...
#8 39.79 Unpacking pkg-config:arm64 (1.8.1-4) ...
#8 39.79 Selecting previously unselected package psmisc.
#8 39.79 Preparing to unpack .../121-psmisc_23.7-2_arm64.deb ...
#8 39.80 Unpacking psmisc (23.7-2) ...
#8 39.81 Selecting previously unselected package publicsuffix.
#8 39.82 Preparing to unpack .../122-publicsuffix_20250328.1952-0.1_all.deb ...
#8 39.82 Unpacking publicsuffix (20250328.1952-0.1) ...
#8 39.83 Selecting previously unselected package sq.
#8 39.83 Preparing to unpack .../123-sq_1.3.1-2+b2_arm64.deb ...
#8 39.83 Unpacking sq (1.3.1-2+b2) ...
#8 40.05 Selecting previously unselected package xauth.
#8 40.05 Preparing to unpack .../124-xauth_1%3a1.1.2-1.1_arm64.deb ...
#8 40.05 Unpacking xauth (1:1.1.2-1.1) ...
#8 40.07 Setting up libexpat1:arm64 (2.7.1-2) ...
#8 40.07 Setting up libxau6:arm64 (1:1.0.11-1) ...
#8 40.07 Setting up libxdmcp6:arm64 (1:1.1.5-1) ...
#8 40.07 Setting up libkeyutils1:arm64 (1.6.3-6) ...
#8 40.08 Setting up libxcb1:arm64 (1.17.0-2+b1) ...
#8 40.08 Setting up libgdbm-compat4t64:arm64 (1.24-2) ...
#8 40.08 Setting up psmisc (23.7-2) ...
#8 40.08 Setting up libcbor0.10:arm64 (0.10.2-2) ...
#8 40.08 Setting up manpages (6.9.1-1) ...
#8 40.09 Setting up libbrotli1:arm64 (1.1.0-2+b7) ...
#8 40.09 Setting up libedit2:arm64 (3.1-20250104-1) ...
#8 40.09 Setting up libsasl2-modules:arm64 (2.1.28+dfsg1-9) ...
#8 40.10 Setting up libuv1t64:arm64 (1.50.0-2) ...
#8 40.10 Setting up binutils-common:arm64 (2.44-3) ...
#8 40.10 Setting up libnghttp2-14:arm64 (1.64.0-1.1+deb13u1) ...
#8 40.10 Setting up less (668-1) ...
#8 40.11 Setting up linux-libc-dev (6.12.90-2) ...
#8 40.11 Setting up libctf-nobfd0:arm64 (2.44-3) ...
#8 40.11 Setting up krb5-locales (1.21.3-5+deb13u1) ...
#8 40.11 Setting up libcom-err2:arm64 (1.47.2-3+b11) ...
#8 40.12 Setting up sq (1.3.1-2+b2) ...
#8 40.12 Setting up libgomp1:arm64 (14.2.0-19) ...
#8 40.12 Setting up bzip2 (1.0.8-6) ...
#8 40.12 Setting up libldap-common (2.6.10+dfsg-1) ...
#8 40.13 Setting up libsframe1:arm64 (2.44-3) ...
#8 40.13 Setting up libfakeroot:arm64 (1.37.1.1-1) ...
#8 40.13 Setting up libjansson4:arm64 (2.14-2+b3) ...
#8 40.13 Setting up libkrb5support0:arm64 (1.21.3-5+deb13u1) ...
#8 40.14 Setting up libsasl2-modules-db:arm64 (2.1.28+dfsg1-9) ...
#8 40.14 Setting up fakeroot (1.37.1.1-1) ...
#8 40.14 update-alternatives: using /usr/bin/fakeroot-sysv to provide /usr/bin/fakeroot (fakeroot) in auto mode
#8 40.14 update-alternatives: warning: skip creation of /usr/share/man/man1/fakeroot.1.gz because associated file /usr/share/man/man1/fakeroot-sysv.1.gz (of link group fakeroot) doesn't exist
#8 40.14 update-alternatives: warning: skip creation of /usr/share/man/man1/faked.1.gz because associated file /usr/share/man/man1/faked-sysv.1.gz (of link group fakeroot) doesn't exist
#8 40.14 update-alternatives: warning: skip creation of /usr/share/man/es/man1/fakeroot.1.gz because associated file /usr/share/man/es/man1/fakeroot-sysv.1.gz (of link group fakeroot) doesn't exist
#8 40.14 update-alternatives: warning: skip creation of /usr/share/man/es/man1/faked.1.gz because associated file /usr/share/man/es/man1/faked-sysv.1.gz (of link group fakeroot) doesn't exist
#8 40.14 update-alternatives: warning: skip creation of /usr/share/man/fr/man1/fakeroot.1.gz because associated file /usr/share/man/fr/man1/fakeroot-sysv.1.gz (of link group fakeroot) doesn't exist
#8 40.14 update-alternatives: warning: skip creation of /usr/share/man/fr/man1/faked.1.gz because associated file /usr/share/man/fr/man1/faked-sysv.1.gz (of link group fakeroot) doesn't exist
#8 40.14 update-alternatives: warning: skip creation of /usr/share/man/sv/man1/fakeroot.1.gz because associated file /usr/share/man/sv/man1/fakeroot-sysv.1.gz (of link group fakeroot) doesn't exist
#8 40.14 update-alternatives: warning: skip creation of /usr/share/man/sv/man1/faked.1.gz because associated file /usr/share/man/sv/man1/faked-sysv.1.gz (of link group fakeroot) doesn't exist
#8 40.14 Setting up libpkgconf3:arm64 (1.8.1-4) ...
#8 40.15 Setting up rpcsvc-proto (1.4.3-1+b1) ...
#8 40.15 Setting up linux-sysctl-defaults (4.12.1) ...
#8 40.15 Setting up libx11-data (2:1.8.12-1) ...
#8 40.15 Setting up make (4.4.1-2) ...
#8 40.15 Setting up libmpfr6:arm64 (4.2.2-1) ...
#8 40.16 Setting up libjsoncpp26:arm64 (1.9.6-3) ...
#8 40.16 Setting up bash-completion (1:2.16.0-7) ...
#8 40.16 Setting up xz-utils (5.8.1-1) ...
#8 40.17 update-alternatives: using /usr/bin/xz to provide /usr/bin/lzma (lzma) in auto mode
#8 40.17 update-alternatives: warning: skip creation of /usr/share/man/man1/lzma.1.gz because associated file /usr/share/man/man1/xz.1.gz (of link group lzma) doesn't exist
#8 40.17 update-alternatives: warning: skip creation of /usr/share/man/man1/unlzma.1.gz because associated file /usr/share/man/man1/unxz.1.gz (of link group lzma) doesn't exist
#8 40.17 update-alternatives: warning: skip creation of /usr/share/man/man1/lzcat.1.gz because associated file /usr/share/man/man1/xzcat.1.gz (of link group lzma) doesn't exist
#8 40.17 update-alternatives: warning: skip creation of /usr/share/man/man1/lzmore.1.gz because associated file /usr/share/man/man1/xzmore.1.gz (of link group lzma) doesn't exist
#8 40.17 update-alternatives: warning: skip creation of /usr/share/man/man1/lzless.1.gz because associated file /usr/share/man/man1/xzless.1.gz (of link group lzma) doesn't exist
#8 40.17 update-alternatives: warning: skip creation of /usr/share/man/man1/lzdiff.1.gz because associated file /usr/share/man/man1/xzdiff.1.gz (of link group lzma) doesn't exist
#8 40.17 update-alternatives: warning: skip creation of /usr/share/man/man1/lzcmp.1.gz because associated file /usr/share/man/man1/xzcmp.1.gz (of link group lzma) doesn't exist
#8 40.17 update-alternatives: warning: skip creation of /usr/share/man/man1/lzgrep.1.gz because associated file /usr/share/man/man1/xzgrep.1.gz (of link group lzma) doesn't exist
#8 40.17 update-alternatives: warning: skip creation of /usr/share/man/man1/lzegrep.1.gz because associated file /usr/share/man/man1/xzegrep.1.gz (of link group lzma) doesn't exist
#8 40.17 update-alternatives: warning: skip creation of /usr/share/man/man1/lzfgrep.1.gz because associated file /usr/share/man/man1/xzfgrep.1.gz (of link group lzma) doesn't exist
#8 40.17 Setting up libp11-kit0:arm64 (0.25.5-3) ...
#8 40.17 Setting up libproc2-0:arm64 (2:4.0.4-9) ...
#8 40.17 Setting up libunistring5:arm64 (1.3-2) ...
#8 40.18 Setting up libssl-dev:arm64 (3.5.6-1~deb13u2) ...
#8 40.18 Setting up libmpc3:arm64 (1.3.1-1+b3) ...
#8 40.18 Setting up libatomic1:arm64 (14.2.0-19) ...
#8 40.18 Setting up patch (2.8-2) ...
#8 40.18 Setting up pkgconf-bin (1.8.1-4) ...
#8 40.19 Setting up libk5crypto3:arm64 (1.21.3-5+deb13u1) ...
#8 40.19 Setting up libsasl2-2:arm64 (2.1.28+dfsg1-9) ...
#8 40.19 Setting up libnghttp3-9:arm64 (1.8.0-1) ...
#8 40.19 Setting up libubsan1:arm64 (14.2.0-19) ...
#8 40.20 Setting up perl-modules-5.40 (5.40.1-6) ...
#8 40.20 Setting up libhwasan0:arm64 (14.2.0-19) ...
#8 40.20 Setting up libcrypt-dev:arm64 (1:4.4.38-1) ...
#8 40.20 Setting up libasan8:arm64 (14.2.0-19) ...
#8 40.21 Setting up procps (2:4.0.4-9) ...
#8 40.22 Setting up libtasn1-6:arm64 (4.20.0-2) ...
#8 40.22 Setting up git-man (1:2.47.3-0+deb13u1) ...
#8 40.22 Setting up libx11-6:arm64 (2:1.8.12-1) ...
#8 40.22 Setting up libngtcp2-16:arm64 (1.11.0-1+deb13u1) ...
#8 40.22 Setting up cmake-data (3.31.6-2) ...
#8 40.23 Setting up librhash1:arm64 (1.4.5-1) ...
#8 40.23 Setting up libkrb5-3:arm64 (1.21.3-5+deb13u1) ...
#8 40.23 Setting up libssh2-1t64:arm64 (1.11.1-1) ...
#8 40.24 Setting up libtsan2:arm64 (14.2.0-19) ...
#8 40.24 Setting up libbinutils:arm64 (2.44-3) ...
#8 40.24 Setting up libfido2-1:arm64 (1.15.0-1+b1) ...
#8 40.24 Setting up libisl23:arm64 (0.27-1) ...
#8 40.25 Setting up libc-dev-bin (2.41-12+deb13u3) ...
#8 40.25 Setting up openssl (3.5.6-1~deb13u2) ...
#8 40.25 Setting up publicsuffix (20250328.1952-0.1) ...
#8 40.25 Setting up libxml2:arm64 (2.12.7+dfsg+really2.9.14-2.1+deb13u2) ...
#8 40.26 Setting up libcc1-0:arm64 (14.2.0-19) ...
#8 40.26 Setting up libldap2:arm64 (2.6.10+dfsg-1) ...
#8 40.26 Setting up libxmuu1:arm64 (2:1.1.3-3+b4) ...
#8 40.26 Setting up liblocale-gettext-perl (1.07-7+b1) ...
#8 40.26 Setting up liblsan0:arm64 (14.2.0-19) ...
#8 40.27 Setting up libitm1:arm64 (14.2.0-19) ...
#8 40.27 Setting up libctf0:arm64 (2.44-3) ...
#8 40.27 Setting up manpages-dev (6.9.1-1) ...
#8 40.27 Setting up libxext6:arm64 (2:1.3.4-1+b3) ...
#8 40.28 Setting up binutils-aarch64-linux-gnu (2.44-3) ...
#8 40.28 Setting up libidn2-0:arm64 (2.3.8-2) ...
#8 40.28 Setting up pkgconf:arm64 (1.8.1-4) ...
#8 40.29 Setting up libperl5.40:arm64 (5.40.1-6) ...
#8 40.29 Setting up perl (5.40.1-6) ...
#8 40.29 Setting up libgprofng0:arm64 (2.44-3) ...
#8 40.30 Setting up libgssapi-krb5-2:arm64 (1.21.3-5+deb13u1) ...
#8 40.30 Setting up pkg-config:arm64 (1.8.1-4) ...
#8 40.30 Setting up libdpkg-perl (1.22.22) ...
#8 40.30 Setting up cpp-14-aarch64-linux-gnu (14.2.0-19) ...
#8 40.30 Setting up xauth (1:1.1.2-1.1) ...
#8 40.31 Setting up libc6-dev:arm64 (2.41-12+deb13u3) ...
#8 40.31 Setting up libgcc-14-dev:arm64 (14.2.0-19) ...
#8 40.31 Setting up libstdc++-14-dev:arm64 (14.2.0-19) ...
#8 40.31 Setting up libarchive13t64:arm64 (3.7.4-4+deb13u1) ...
#8 40.32 Setting up libgnutls30t64:arm64 (3.8.9-3+deb13u4) ...
#8 40.32 Setting up libfile-fcntllock-perl (0.22-4+b4) ...
#8 40.32 Setting up libalgorithm-diff-perl (1.201-1) ...
#8 40.32 Setting up openssh-client (1:10.0p1-7+deb13u4) ...
#8 40.40 Setting up libpsl5t64:arm64 (0.21.2-1.1+b1) ...
#8 40.40 Setting up libpq5:arm64 (17.10-0+deb13u1) ...
#8 40.40 Setting up libpq-dev (17.10-0+deb13u1) ...
#8 40.41 Setting up binutils (2.44-3) ...
#8 40.41 Setting up dpkg-dev (1.22.22) ...
#8 40.41 Setting up liberror-perl (0.17030-1) ...
#8 40.42 Setting up cpp-aarch64-linux-gnu (4:14.2.0-1) ...
#8 40.42 Setting up librtmp1:arm64 (2.4+20151223.gitfa8646d.1-2+b5) ...
#8 40.42 Setting up cpp-14 (14.2.0-19) ...
#8 40.42 Setting up cpp (4:14.2.0-1) ...
#8 40.43 Setting up gcc-14-aarch64-linux-gnu (14.2.0-19) ...
#8 40.43 Setting up libalgorithm-diff-xs-perl (0.04-9) ...
#8 40.43 Setting up libngtcp2-crypto-gnutls8:arm64 (1.11.0-1+deb13u1) ...
#8 40.43 Setting up libalgorithm-merge-perl (0.08-5) ...
#8 40.44 Setting up gcc-aarch64-linux-gnu (4:14.2.0-1) ...
#8 40.44 Setting up g++-14-aarch64-linux-gnu (14.2.0-19) ...
#8 40.44 Setting up libcurl4t64:arm64 (8.14.1-2+deb13u3) ...
#8 40.44 Setting up libcurl3t64-gnutls:arm64 (8.14.1-2+deb13u3) ...
#8 40.45 Setting up gcc-14 (14.2.0-19) ...
#8 40.45 Setting up git (1:2.47.3-0+deb13u1) ...
#8 40.45 Setting up g++-aarch64-linux-gnu (4:14.2.0-1) ...
#8 40.46 Setting up cmake (3.31.6-2) ...
#8 40.46 Setting up curl (8.14.1-2+deb13u3) ...
#8 40.46 Setting up g++-14 (14.2.0-19) ...
#8 40.46 Setting up gcc (4:14.2.0-1) ...
#8 40.47 Setting up g++ (4:14.2.0-1) ...
#8 40.47 update-alternatives: using /usr/bin/g++ to provide /usr/bin/c++ (c++) in auto mode
#8 40.47 Setting up build-essential (12.12) ...
#8 40.47 Processing triggers for libc-bin (2.41-12+deb13u3) ...
#8 DONE 40.9s

#9 [4/7] RUN pip install --no-cache-dir --upgrade pip
#9 1.318 Requirement already satisfied: pip in /usr/local/lib/python3.11/site-packages (24.0)
#9 1.468 Collecting pip
#9 1.662   Downloading pip-26.1.2-py3-none-any.whl.metadata (4.6 kB)
#9 1.686 Downloading pip-26.1.2-py3-none-any.whl (1.8 MB)
#9 2.011    ━━━━━━━━━━━━━━━━━━━━━━━━━━━━━━━━━━━━━━━━ 1.8/1.8 MB 5.6 MB/s eta 0:00:00
#9 2.065 Installing collected packages: pip
#9 2.065   Attempting uninstall: pip
#9 2.067     Found existing installation: pip 24.0
#9 2.109     Uninstalling pip-24.0:
#9 2.275       Successfully uninstalled pip-24.0
#9 2.875 Successfully installed pip-26.1.2
#9 2.875 WARNING: Running pip as the 'root' user can result in broken permissions and conflicting behaviour with the system package manager. It is recommended to use a virtual environment instead: https://pip.pypa.io/warnings/venv
#9 DONE 3.1s

#10 [5/7] COPY requirements.txt .
#10 DONE 0.0s

#11 [6/7] RUN pip install --no-cache-dir     --default-timeout=1000     --extra-index-url https://download.pytorch.org/whl/cpu     -r requirements.txt
#11 1.296 Looking in indexes: https://pypi.org/simple, https://download.pytorch.org/whl/cpu
#11 2.486 Collecting fastapi==0.115.0 (from -r requirements.txt (line 2))
#11 2.583   Downloading fastapi-0.115.0-py3-none-any.whl.metadata (27 kB)
#11 3.282 Collecting uvicorn==0.30.6 (from uvicorn[standard]==0.30.6->-r requirements.txt (line 3))
#11 3.307   Downloading uvicorn-0.30.6-py3-none-any.whl.metadata (6.6 kB)
#11 4.020 Collecting python-multipart==0.0.9 (from -r requirements.txt (line 4))
#11 4.043   Downloading python_multipart-0.0.9-py3-none-any.whl.metadata (2.5 kB)
#11 4.816 Collecting websockets==13.0 (from -r requirements.txt (line 5))
#11 4.838   Downloading websockets-13.0-cp311-cp311-manylinux_2_17_aarch64.manylinux2014_aarch64.whl.metadata (6.7 kB)
#11 5.863 Collecting sqlalchemy==2.0.36 (from sqlalchemy[asyncio]==2.0.36->-r requirements.txt (line 8))
#11 5.886   Downloading SQLAlchemy-2.0.36-cp311-cp311-manylinux_2_17_aarch64.manylinux2014_aarch64.whl.metadata (9.7 kB)
#11 6.681 Collecting asyncpg==0.30.0 (from -r requirements.txt (line 9))
#11 6.702   Downloading asyncpg-0.30.0-cp311-cp311-manylinux_2_17_aarch64.manylinux2014_aarch64.whl.metadata (5.0 kB)
#11 7.431 Collecting alembic==1.13.3 (from -r requirements.txt (line 10))
#11 7.451   Downloading alembic-1.13.3-py3-none-any.whl.metadata (7.4 kB)
#11 8.319 Collecting psycopg2-binary==2.9.10 (from -r requirements.txt (line 11))
#11 8.343   Downloading psycopg2_binary-2.9.10-cp311-cp311-manylinux_2_17_aarch64.manylinux2014_aarch64.whl.metadata (4.9 kB)
#11 9.232 Collecting neo4j==5.25.0 (from -r requirements.txt (line 14))
#11 9.264   Downloading neo4j-5.25.0-py3-none-any.whl.metadata (5.7 kB)
#11 10.02 Collecting qdrant-client==1.12.0 (from -r requirements.txt (line 17))
#11 10.05   Downloading qdrant_client-1.12.0-py3-none-any.whl.metadata (10 kB)
#11 10.81 Collecting redis==5.2.0 (from redis[hiredis]==5.2.0->-r requirements.txt (line 20))
#11 10.83   Downloading redis-5.2.0-py3-none-any.whl.metadata (9.1 kB)
#11 11.63 Collecting celery==5.4.0 (from celery[redis]==5.4.0->-r requirements.txt (line 21))
#11 11.65   Downloading celery-5.4.0-py3-none-any.whl.metadata (21 kB)
#11 12.62 Collecting flower==2.0.1 (from -r requirements.txt (line 22))
#11 12.64   Downloading flower-2.0.1-py2.py3-none-any.whl.metadata (4.5 kB)
#11 13.53 Collecting python-jose==3.3.0 (from python-jose[cryptography]==3.3.0->-r requirements.txt (line 25))
#11 13.55   Downloading python_jose-3.3.0-py2.py3-none-any.whl.metadata (5.4 kB)
#11 14.46 Collecting passlib==1.7.4 (from passlib[bcrypt]==1.7.4->-r requirements.txt (line 26))
#11 14.49   Downloading passlib-1.7.4-py2.py3-none-any.whl.metadata (1.7 kB)
#11 15.24 Collecting httpx==0.27.2 (from -r requirements.txt (line 27))
#11 15.27   Downloading httpx-0.27.2-py3-none-any.whl.metadata (7.1 kB)
#11 16.30 Collecting openai==1.55.0 (from -r requirements.txt (line 30))
#11 16.32   Downloading openai-1.55.0-py3-none-any.whl.metadata (24 kB)
#11 17.08 Collecting anthropic==0.39.0 (from -r requirements.txt (line 31))
#11 17.10   Downloading anthropic-0.39.0-py3-none-any.whl.metadata (22 kB)
#11 17.82 Collecting google-generativeai==0.8.3 (from -r requirements.txt (line 32))
#11 17.84   Downloading google_generativeai-0.8.3-py3-none-any.whl.metadata (3.9 kB)
#11 18.61 Collecting langchain==0.3.7 (from -r requirements.txt (line 33))
#11 18.63   Downloading langchain-0.3.7-py3-none-any.whl.metadata (7.1 kB)
#11 19.38 Collecting langchain-openai==0.2.9 (from -r requirements.txt (line 34))
#11 19.40   Downloading langchain_openai-0.2.9-py3-none-any.whl.metadata (2.6 kB)
#11 20.30 Collecting langchain-anthropic==0.2.4 (from -r requirements.txt (line 35))
#11 20.32   Downloading langchain_anthropic-0.2.4-py3-none-any.whl.metadata (2.3 kB)
#11 21.06 Collecting langchain-google-genai==2.0.5 (from -r requirements.txt (line 36))
#11 21.08   Downloading langchain_google_genai-2.0.5-py3-none-any.whl.metadata (3.6 kB)
#11 22.14 Collecting langgraph==0.2.50 (from -r requirements.txt (line 37))
#11 22.17   Downloading langgraph-0.2.50-py3-none-any.whl.metadata (15 kB)
#11 24.42 Collecting numpy==1.26.4 (from -r requirements.txt (line 41))
#11 24.44   Downloading numpy-1.26.4-cp311-cp311-manylinux_2_17_aarch64.manylinux2014_aarch64.whl.metadata (62 kB)
#11 26.17 Collecting torch==2.6.0+cpu (from -r requirements.txt (line 42))
#11 26.61   Downloading torch-2.6.0%2Bcpu-cp311-cp311-manylinux_2_28_aarch64.whl.metadata (28 kB)
#11 27.42 Collecting sentence-transformers==3.3.0 (from -r requirements.txt (line 43))
#11 27.45   Downloading sentence_transformers-3.3.0-py3-none-any.whl.metadata (10 kB)
#11 28.19 Collecting transformers==4.46.3 (from -r requirements.txt (line 44))
#11 28.22   Downloading transformers-4.46.3-py3-none-any.whl.metadata (44 kB)
#11 29.04 Collecting scikit-learn==1.5.2 (from -r requirements.txt (line 45))
#11 29.06   Downloading scikit_learn-1.5.2-cp311-cp311-manylinux_2_17_aarch64.manylinux2014_aarch64.whl.metadata (13 kB)
#11 29.90 Collecting pandas==2.2.3 (from -r requirements.txt (line 46))
#11 30.26   Downloading pandas-2.2.3-cp311-cp311-manylinux2014_aarch64.manylinux_2_17_aarch64.whl.metadata (89 kB)
#11 31.05 Collecting tree-sitter==0.23.2 (from -r requirements.txt (line 49))
#11 31.08   Downloading tree_sitter-0.23.2-cp311-cp311-manylinux_2_17_aarch64.manylinux2014_aarch64.whl.metadata (9.8 kB)
#11 31.82 Collecting tree-sitter-python==0.23.6 (from -r requirements.txt (line 50))
#11 31.84   Downloading tree_sitter_python-0.23.6-cp39-abi3-manylinux_2_17_aarch64.manylinux2014_aarch64.whl.metadata (1.9 kB)
#11 32.89 Collecting tree-sitter-javascript==0.23.1 (from -r requirements.txt (line 51))
#11 32.92   Downloading tree_sitter_javascript-0.23.1-cp39-abi3-manylinux_2_17_aarch64.manylinux2014_aarch64.whl.metadata (1.9 kB)
#11 33.82 Collecting tree-sitter-typescript==0.23.2 (from -r requirements.txt (line 52))
#11 33.84   Downloading tree_sitter_typescript-0.23.2-cp39-abi3-manylinux_2_17_aarch64.manylinux2014_aarch64.whl.metadata (2.3 kB)
#11 35.35 Collecting tree-sitter-go==0.23.4 (from -r requirements.txt (line 53))
#11 35.38   Downloading tree_sitter_go-0.23.4-cp39-abi3-manylinux_2_17_aarch64.manylinux2014_aarch64.whl.metadata (1.7 kB)
#11 36.08 Collecting tree-sitter-rust==0.23.2 (from -r requirements.txt (line 54))
#11 36.10   Downloading tree_sitter_rust-0.23.2-cp39-abi3-manylinux_2_17_aarch64.manylinux2014_aarch64.whl.metadata (2.8 kB)
#11 37.24 Collecting tree-sitter-java==0.23.5 (from -r requirements.txt (line 55))
#11 37.27   Downloading tree_sitter_java-0.23.5-cp39-abi3-manylinux_2_17_aarch64.manylinux2014_aarch64.whl.metadata (1.7 kB)
#11 38.02 Collecting pygments==2.18.0 (from -r requirements.txt (line 56))
#11 38.04   Downloading pygments-2.18.0-py3-none-any.whl.metadata (2.5 kB)
#11 38.87 Collecting pydantic==2.10.1 (from -r requirements.txt (line 59))
#11 38.90   Downloading pydantic-2.10.1-py3-none-any.whl.metadata (169 kB)
#11 39.69 Collecting pydantic-settings==2.6.1 (from -r requirements.txt (line 60))
#11 39.71   Downloading pydantic_settings-2.6.1-py3-none-any.whl.metadata (3.5 kB)
#11 40.59 Collecting python-dotenv==1.0.1 (from -r requirements.txt (line 61))
#11 40.61   Downloading python_dotenv-1.0.1-py3-none-any.whl.metadata (23 kB)
#11 41.37 Collecting structlog==24.4.0 (from -r requirements.txt (line 62))
#11 41.39   Downloading structlog-24.4.0-py3-none-any.whl.metadata (7.3 kB)
#11 42.07 Collecting tenacity==9.0.0 (from -r requirements.txt (line 63))
#11 42.10   Downloading tenacity-9.0.0-py3-none-any.whl.metadata (1.2 kB)
#11 42.84 Collecting aiofiles==24.1.0 (from -r requirements.txt (line 64))
#11 42.87   Downloading aiofiles-24.1.0-py3-none-any.whl.metadata (10 kB)
#11 43.67 Collecting ujson==5.10.0 (from -r requirements.txt (line 65))
#11 43.69   Downloading ujson-5.10.0-cp311-cp311-manylinux_2_17_aarch64.manylinux2014_aarch64.whl.metadata (9.3 kB)
#11 44.42 Collecting python-slugify==8.0.4 (from -r requirements.txt (line 66))
#11 44.44   Downloading python_slugify-8.0.4-py2.py3-none-any.whl.metadata (8.5 kB)
#11 45.18 Collecting rank-bm25==0.2.2 (from -r requirements.txt (line 67))
#11 45.21   Downloading rank_bm25-0.2.2-py3-none-any.whl.metadata (3.2 kB)
#11 45.93 Collecting pytest==8.3.4 (from -r requirements.txt (line 70))
#11 45.96   Downloading pytest-8.3.4-py3-none-any.whl.metadata (7.5 kB)
#11 46.72 Collecting pytest-asyncio==0.24.0 (from -r requirements.txt (line 71))
#11 46.74   Downloading pytest_asyncio-0.24.0-py3-none-any.whl.metadata (3.9 kB)
#11 47.46 Collecting pytest-cov==6.0.0 (from -r requirements.txt (line 72))
#11 47.48   Downloading pytest_cov-6.0.0-py3-none-any.whl.metadata (27 kB)
#11 48.56 Collecting starlette<0.39.0,>=0.37.2 (from fastapi==0.115.0->-r requirements.txt (line 2))
#11 48.59   Downloading starlette-0.38.6-py3-none-any.whl.metadata (6.0 kB)
#11 49.48 Collecting typing-extensions>=4.8.0 (from fastapi==0.115.0->-r requirements.txt (line 2))
#11 49.52   Downloading typing_extensions-4.15.0-py3-none-any.whl.metadata (3.3 kB)
#11 50.40 Collecting annotated-types>=0.6.0 (from pydantic==2.10.1->-r requirements.txt (line 59))
#11 50.43   Downloading annotated_types-0.7.0-py3-none-any.whl.metadata (15 kB)
#11 51.94 Collecting pydantic-core==2.27.1 (from pydantic==2.10.1->-r requirements.txt (line 59))
#11 51.96   Downloading pydantic_core-2.27.1-cp311-cp311-manylinux_2_17_aarch64.manylinux2014_aarch64.whl.metadata (6.6 kB)
#11 52.92 Collecting click>=7.0 (from uvicorn==0.30.6->uvicorn[standard]==0.30.6->-r requirements.txt (line 3))
#11 52.95   Downloading click-8.4.1-py3-none-any.whl.metadata (2.6 kB)
#11 53.66 Collecting h11>=0.8 (from uvicorn==0.30.6->uvicorn[standard]==0.30.6->-r requirements.txt (line 3))
#11 53.68   Downloading h11-0.16.0-py3-none-any.whl.metadata (8.3 kB)
#11 54.60 Collecting greenlet!=0.4.17 (from sqlalchemy==2.0.36->sqlalchemy[asyncio]==2.0.36->-r requirements.txt (line 8))
#11 54.63   Downloading greenlet-3.5.1-cp311-cp311-manylinux_2_24_aarch64.manylinux_2_28_aarch64.whl.metadata (3.8 kB)
#11 55.32 Collecting Mako (from alembic==1.13.3->-r requirements.txt (line 10))
#11 55.35   Downloading mako-1.3.12-py3-none-any.whl.metadata (2.9 kB)
#11 56.12 Collecting pytz (from neo4j==5.25.0->-r requirements.txt (line 14))
#11 56.14   Downloading pytz-2026.2-py2.py3-none-any.whl.metadata (22 kB)
#11 57.22 Collecting grpcio>=1.41.0 (from qdrant-client==1.12.0->-r requirements.txt (line 17))
#11 57.24   Downloading grpcio-1.81.0-cp311-cp311-manylinux2014_aarch64.manylinux_2_17_aarch64.whl.metadata (3.7 kB)
#11 58.40 Collecting grpcio-tools>=1.41.0 (from qdrant-client==1.12.0->-r requirements.txt (line 17))
#11 58.47   Downloading grpcio_tools-1.81.0-cp311-cp311-manylinux2014_aarch64.manylinux_2_17_aarch64.whl.metadata (5.3 kB)
#11 59.31 Collecting portalocker<3.0.0,>=2.7.0 (from qdrant-client==1.12.0->-r requirements.txt (line 17))
#11 59.36   Downloading portalocker-2.10.1-py3-none-any.whl (18 kB)
#11 60.24 Collecting urllib3<3,>=1.26.14 (from qdrant-client==1.12.0->-r requirements.txt (line 17))
#11 60.26   Downloading urllib3-2.7.0-py3-none-any.whl.metadata (6.9 kB)
#11 61.16 Collecting billiard<5.0,>=4.2.0 (from celery==5.4.0->celery[redis]==5.4.0->-r requirements.txt (line 21))
#11 61.18   Downloading billiard-4.2.4-py3-none-any.whl.metadata (4.8 kB)
#11 61.94 Collecting kombu<6.0,>=5.3.4 (from celery==5.4.0->celery[redis]==5.4.0->-r requirements.txt (line 21))
#11 62.00   Downloading kombu-5.6.2-py3-none-any.whl.metadata (3.5 kB)
#11 62.99 Collecting vine<6.0,>=5.1.0 (from celery==5.4.0->celery[redis]==5.4.0->-r requirements.txt (line 21))
#11 63.01   Downloading vine-5.1.0-py3-none-any.whl.metadata (2.7 kB)
#11 63.84 Collecting click-didyoumean>=0.3.0 (from celery==5.4.0->celery[redis]==5.4.0->-r requirements.txt (line 21))
#11 63.86   Downloading click_didyoumean-0.3.1-py3-none-any.whl.metadata (3.9 kB)
#11 64.58 Collecting click-repl>=0.2.0 (from celery==5.4.0->celery[redis]==5.4.0->-r requirements.txt (line 21))
#11 64.60   Downloading click_repl-0.3.0-py3-none-any.whl.metadata (3.6 kB)
#11 65.41 Collecting click-plugins>=1.1.1 (from celery==5.4.0->celery[redis]==5.4.0->-r requirements.txt (line 21))
#11 65.45   Downloading click_plugins-1.1.1.2-py2.py3-none-any.whl.metadata (6.5 kB)
#11 66.14 Collecting tzdata>=2022.7 (from celery==5.4.0->celery[redis]==5.4.0->-r requirements.txt (line 21))
#11 66.16   Downloading tzdata-2026.2-py2.py3-none-any.whl.metadata (1.4 kB)
#11 67.00 Collecting python-dateutil>=2.8.2 (from celery==5.4.0->celery[redis]==5.4.0->-r requirements.txt (line 21))
#11 67.02   Downloading python_dateutil-2.9.0.post0-py2.py3-none-any.whl.metadata (8.4 kB)
#11 67.75 Collecting tornado<7.0.0,>=5.0.0 (from flower==2.0.1->-r requirements.txt (line 22))
#11 67.77   Downloading tornado-6.5.7-cp39-abi3-manylinux2014_aarch64.manylinux_2_17_aarch64.manylinux_2_28_aarch64.whl.metadata (2.8 kB)
#11 68.22 Collecting prometheus-client>=0.8.0 (from flower==2.0.1->-r requirements.txt (line 22))
#11 68.25   Downloading prometheus_client-0.25.0-py3-none-any.whl.metadata (2.1 kB)
#11 69.15 Collecting humanize (from flower==2.0.1->-r requirements.txt (line 22))
#11 69.18   Downloading humanize-4.15.0-py3-none-any.whl.metadata (7.8 kB)
#11 69.93 Collecting ecdsa!=0.15 (from python-jose==3.3.0->python-jose[cryptography]==3.3.0->-r requirements.txt (line 25))
#11 69.95   Downloading ecdsa-0.19.2-py2.py3-none-any.whl.metadata (29 kB)
#11 70.67 Collecting rsa (from python-jose==3.3.0->python-jose[cryptography]==3.3.0->-r requirements.txt (line 25))
#11 70.69   Downloading rsa-4.9.1-py3-none-any.whl.metadata (5.6 kB)
#11 71.60 Collecting pyasn1 (from python-jose==3.3.0->python-jose[cryptography]==3.3.0->-r requirements.txt (line 25))
#11 71.62   Downloading pyasn1-0.6.3-py3-none-any.whl.metadata (8.4 kB)
#11 72.55 Collecting anyio (from httpx==0.27.2->-r requirements.txt (line 27))
#11 72.57   Downloading anyio-4.13.0-py3-none-any.whl.metadata (4.5 kB)
#11 73.32 Collecting certifi (from httpx==0.27.2->-r requirements.txt (line 27))
#11 73.34   Downloading certifi-2026.5.20-py3-none-any.whl.metadata (2.5 kB)
#11 74.15 Collecting httpcore==1.* (from httpx==0.27.2->-r requirements.txt (line 27))
#11 74.18   Downloading httpcore-1.0.9-py3-none-any.whl.metadata (21 kB)
#11 75.17 Collecting idna (from httpx==0.27.2->-r requirements.txt (line 27))
#11 75.20   Downloading idna-3.18-py3-none-any.whl.metadata (6.1 kB)
#11 75.93 Collecting sniffio (from httpx==0.27.2->-r requirements.txt (line 27))
#11 75.95   Downloading sniffio-1.3.1-py3-none-any.whl.metadata (3.9 kB)
#11 76.82 Collecting distro<2,>=1.7.0 (from openai==1.55.0->-r requirements.txt (line 30))
#11 76.84   Downloading distro-1.9.0-py3-none-any.whl.metadata (6.8 kB)
#11 77.62 Collecting jiter<1,>=0.4.0 (from openai==1.55.0->-r requirements.txt (line 30))
#11 77.65   Downloading jiter-0.15.0-cp311-cp311-manylinux_2_17_aarch64.manylinux2014_aarch64.whl.metadata (5.2 kB)
#11 78.42 Collecting tqdm>4 (from openai==1.55.0->-r requirements.txt (line 30))
#11 78.45   Downloading tqdm-4.68.2-py3-none-any.whl.metadata (58 kB)
#11 79.28 Collecting google-ai-generativelanguage==0.6.10 (from google-generativeai==0.8.3->-r requirements.txt (line 32))
#11 79.31   Downloading google_ai_generativelanguage-0.6.10-py3-none-any.whl.metadata (5.6 kB)
#11 80.21 Collecting google-api-core (from google-generativeai==0.8.3->-r requirements.txt (line 32))
#11 80.24   Downloading google_api_core-2.31.0-py3-none-any.whl.metadata (3.2 kB)
#11 81.14 Collecting google-api-python-client (from google-generativeai==0.8.3->-r requirements.txt (line 32))
#11 81.16   Downloading google_api_python_client-2.197.0-py3-none-any.whl.metadata (7.0 kB)
#11 81.48 Collecting google-auth>=2.15.0 (from google-generativeai==0.8.3->-r requirements.txt (line 32))
#11 81.51   Downloading google_auth-2.53.0-py3-none-any.whl.metadata (5.5 kB)
#11 82.43 Collecting protobuf (from google-generativeai==0.8.3->-r requirements.txt (line 32))
#11 82.45   Downloading protobuf-7.35.0-cp310-abi3-manylinux2014_aarch64.whl.metadata (595 bytes)
#11 83.27 Collecting PyYAML>=5.3 (from langchain==0.3.7->-r requirements.txt (line 33))
#11 83.30   Downloading pyyaml-6.0.3-cp311-cp311-manylinux2014_aarch64.manylinux_2_17_aarch64.manylinux_2_28_aarch64.whl.metadata (2.4 kB)
#11 84.51 Collecting aiohttp<4.0.0,>=3.8.3 (from langchain==0.3.7->-r requirements.txt (line 33))
#11 84.54   Downloading aiohttp-3.14.1-cp311-cp311-manylinux2014_aarch64.manylinux_2_17_aarch64.manylinux_2_28_aarch64.whl.metadata (8.3 kB)
#11 85.43 Collecting langchain-core<0.4.0,>=0.3.15 (from langchain==0.3.7->-r requirements.txt (line 33))
#11 85.46   Downloading langchain_core-0.3.86-py3-none-any.whl.metadata (3.2 kB)
#11 86.18 Collecting langchain-text-splitters<0.4.0,>=0.3.0 (from langchain==0.3.7->-r requirements.txt (line 33))
#11 86.21   Downloading langchain_text_splitters-0.3.11-py3-none-any.whl.metadata (1.8 kB)
#11 87.08 Collecting langsmith<0.2.0,>=0.1.17 (from langchain==0.3.7->-r requirements.txt (line 33))
#11 87.11   Downloading langsmith-0.1.147-py3-none-any.whl.metadata (14 kB)
#11 87.84 Collecting requests<3,>=2 (from langchain==0.3.7->-r requirements.txt (line 33))
#11 87.86   Downloading requests-2.34.2-py3-none-any.whl.metadata (4.8 kB)
#11 88.71 Collecting tiktoken<1,>=0.7 (from langchain-openai==0.2.9->-r requirements.txt (line 34))
#11 88.74   Downloading tiktoken-0.13.0-cp311-cp311-manylinux_2_28_aarch64.whl.metadata (6.7 kB)
#11 89.72 Collecting defusedxml<0.8.0,>=0.7.1 (from langchain-anthropic==0.2.4->-r requirements.txt (line 35))
#11 89.76   Downloading defusedxml-0.7.1-py2.py3-none-any.whl.metadata (32 kB)
#11 90.65 Collecting langgraph-checkpoint<3.0.0,>=2.0.4 (from langgraph==0.2.50->-r requirements.txt (line 37))
#11 90.67   Downloading langgraph_checkpoint-2.1.2-py3-none-any.whl.metadata (4.2 kB)
#11 91.44 Collecting langgraph-sdk<0.2.0,>=0.1.32 (from langgraph==0.2.50->-r requirements.txt (line 37))
#11 91.47   Downloading langgraph_sdk-0.1.74-py3-none-any.whl.metadata (1.5 kB)
#11 92.47 Collecting filelock (from torch==2.6.0+cpu->-r requirements.txt (line 42))
#11 92.49   Downloading filelock-3.29.2-py3-none-any.whl.metadata (2.0 kB)
#11 93.75 Collecting sympy==1.13.1 (from torch==2.6.0+cpu->-r requirements.txt (line 42))
#11 93.77   Downloading sympy-1.13.1-py3-none-any.whl.metadata (12 kB)
#11 95.02 Collecting networkx (from torch==2.6.0+cpu->-r requirements.txt (line 42))
#11 95.04   Downloading networkx-3.6.1-py3-none-any.whl.metadata (6.8 kB)
#11 95.88 Collecting jinja2 (from torch==2.6.0+cpu->-r requirements.txt (line 42))
#11 95.90   Downloading jinja2-3.1.6-py3-none-any.whl.metadata (2.9 kB)
#11 96.95 Collecting fsspec (from torch==2.6.0+cpu->-r requirements.txt (line 42))
#11 96.97   Downloading fsspec-2026.4.0-py3-none-any.whl.metadata (10 kB)
#11 97.83 Collecting scipy (from sentence-transformers==3.3.0->-r requirements.txt (line 43))
#11 97.86   Downloading scipy-1.17.1-cp311-cp311-manylinux_2_27_aarch64.manylinux_2_28_aarch64.whl.metadata (62 kB)
#11 98.83 Collecting huggingface-hub>=0.20.0 (from sentence-transformers==3.3.0->-r requirements.txt (line 43))
#11 98.85   Downloading huggingface_hub-1.18.0-py3-none-any.whl.metadata (14 kB)
#11 101.3 Collecting Pillow (from sentence-transformers==3.3.0->-r requirements.txt (line 43))
#11 101.3   Downloading pillow-12.2.0-cp311-cp311-manylinux_2_27_aarch64.manylinux_2_28_aarch64.whl.metadata (8.8 kB)
#11 101.3 Collecting huggingface-hub>=0.20.0 (from sentence-transformers==3.3.0->-r requirements.txt (line 43))
#11 101.3   Downloading huggingface_hub-0.36.2-py3-none-any.whl.metadata (15 kB)
#11 102.1 Collecting packaging>=20.0 (from transformers==4.46.3->-r requirements.txt (line 44))
#11 102.1   Downloading packaging-26.2-py3-none-any.whl.metadata (3.5 kB)
#11 103.3 Collecting regex!=2019.12.17 (from transformers==4.46.3->-r requirements.txt (line 44))
#11 103.3   Downloading regex-2026.5.9-cp311-cp311-manylinux2014_aarch64.manylinux_2_17_aarch64.manylinux_2_28_aarch64.whl.metadata (40 kB)
#11 104.5 Collecting tokenizers<0.21,>=0.20 (from transformers==4.46.3->-r requirements.txt (line 44))
#11 104.5   Downloading tokenizers-0.20.3-cp311-cp311-manylinux_2_17_aarch64.manylinux2014_aarch64.whl.metadata (6.7 kB)
#11 105.7 Collecting safetensors>=0.4.1 (from transformers==4.46.3->-r requirements.txt (line 44))
#11 105.7   Downloading safetensors-0.8.0-cp310-abi3-manylinux_2_17_aarch64.manylinux2014_aarch64.whl.metadata (4.2 kB)
#11 106.4 Collecting joblib>=1.2.0 (from scikit-learn==1.5.2->-r requirements.txt (line 45))
#11 106.4   Downloading joblib-1.5.3-py3-none-any.whl.metadata (5.5 kB)
#11 107.2 Collecting threadpoolctl>=3.1.0 (from scikit-learn==1.5.2->-r requirements.txt (line 45))
#11 107.2   Downloading threadpoolctl-3.6.0-py3-none-any.whl.metadata (13 kB)
#11 108.2 Collecting text-unidecode>=1.3 (from python-slugify==8.0.4->-r requirements.txt (line 66))
#11 108.2   Downloading text_unidecode-1.3-py2.py3-none-any.whl.metadata (2.4 kB)
#11 109.1 Collecting iniconfig (from pytest==8.3.4->-r requirements.txt (line 70))
#11 109.1   Downloading iniconfig-2.3.0-py3-none-any.whl.metadata (2.5 kB)
#11 110.0 Collecting pluggy<2,>=1.5 (from pytest==8.3.4->-r requirements.txt (line 70))
#11 110.0   Downloading pluggy-1.6.0-py3-none-any.whl.metadata (4.8 kB)
#11 111.2 Collecting coverage>=7.5 (from coverage[toml]>=7.5->pytest-cov==6.0.0->-r requirements.txt (line 72))
#11 111.3   Downloading coverage-7.14.1-cp311-cp311-manylinux2014_aarch64.manylinux_2_17_aarch64.manylinux_2_28_aarch64.whl.metadata (8.6 kB)
#11 112.0 Collecting proto-plus<2.0.0dev,>=1.22.3 (from google-ai-generativelanguage==0.6.10->google-generativeai==0.8.3->-r requirements.txt (line 32))
#11 112.1   Downloading proto_plus-1.28.0-py3-none-any.whl.metadata (2.2 kB)
#11 112.1 Collecting protobuf (from google-generativeai==0.8.3->-r requirements.txt (line 32))
#11 112.1   Downloading protobuf-5.29.6-cp38-abi3-manylinux2014_aarch64.whl.metadata (592 bytes)
#11 112.8 Collecting bcrypt>=3.1.0 (from passlib[bcrypt]==1.7.4->-r requirements.txt (line 26))
#11 112.8   Downloading bcrypt-5.0.0-cp39-abi3-manylinux_2_34_aarch64.whl.metadata (10 kB)
#11 113.7 Collecting cryptography>=3.4.0 (from python-jose[cryptography]==3.3.0->-r requirements.txt (line 25))
#11 113.7   Downloading cryptography-48.0.1-cp311-abi3-manylinux_2_34_aarch64.whl.metadata (4.3 kB)
#11 114.6 Collecting hiredis>=3.0.0 (from redis[hiredis]==5.2.0->-r requirements.txt (line 20))
#11 114.6   Downloading hiredis-3.4.0-cp311-cp311-manylinux2014_aarch64.manylinux_2_17_aarch64.manylinux_2_28_aarch64.whl.metadata (7.5 kB)
#11 115.6 Collecting mpmath<1.4,>=1.1.0 (from sympy==1.13.1->torch==2.6.0+cpu->-r requirements.txt (line 42))
#11 115.6   Downloading mpmath-1.3.0-py3-none-any.whl.metadata (8.6 kB)
#11 116.3 Collecting httptools>=0.5.0 (from uvicorn[standard]==0.30.6->-r requirements.txt (line 3))
#11 116.4   Downloading httptools-0.8.0-cp311-cp311-manylinux2014_aarch64.manylinux_2_17_aarch64.manylinux_2_28_aarch64.whl.metadata (3.5 kB)
#11 117.1 Collecting uvloop!=0.15.0,!=0.15.1,>=0.14.0 (from uvicorn[standard]==0.30.6->-r requirements.txt (line 3))
#11 117.1   Downloading uvloop-0.22.1-cp311-cp311-manylinux2014_aarch64.manylinux_2_17_aarch64.manylinux_2_28_aarch64.whl.metadata (4.9 kB)
#11 117.9 Collecting watchfiles>=0.13 (from uvicorn[standard]==0.30.6->-r requirements.txt (line 3))
#11 117.9   Downloading watchfiles-1.2.0-cp311-cp311-manylinux_2_17_aarch64.manylinux2014_aarch64.whl.metadata (4.9 kB)
#11 118.7 Collecting aiohappyeyeballs>=2.5.0 (from aiohttp<4.0.0,>=3.8.3->langchain==0.3.7->-r requirements.txt (line 33))
#11 118.7   Downloading aiohappyeyeballs-2.6.2-py3-none-any.whl.metadata (5.9 kB)
#11 119.4 Collecting aiosignal>=1.4.0 (from aiohttp<4.0.0,>=3.8.3->langchain==0.3.7->-r requirements.txt (line 33))
#11 119.5   Downloading aiosignal-1.4.0-py3-none-any.whl.metadata (3.7 kB)
#11 120.3 Collecting attrs>=17.3.0 (from aiohttp<4.0.0,>=3.8.3->langchain==0.3.7->-r requirements.txt (line 33))
#11 120.3   Downloading attrs-26.1.0-py3-none-any.whl.metadata (8.8 kB)
#11 121.1 Collecting frozenlist>=1.1.1 (from aiohttp<4.0.0,>=3.8.3->langchain==0.3.7->-r requirements.txt (line 33))
#11 121.1   Downloading frozenlist-1.8.0-cp311-cp311-manylinux2014_aarch64.manylinux_2_17_aarch64.manylinux_2_28_aarch64.whl.metadata (20 kB)
#11 122.0 Collecting multidict<7.0,>=4.5 (from aiohttp<4.0.0,>=3.8.3->langchain==0.3.7->-r requirements.txt (line 33))
#11 122.0   Downloading multidict-6.7.1-cp311-cp311-manylinux2014_aarch64.manylinux_2_17_aarch64.manylinux_2_28_aarch64.whl.metadata (5.3 kB)
#11 122.7 Collecting propcache>=0.2.0 (from aiohttp<4.0.0,>=3.8.3->langchain==0.3.7->-r requirements.txt (line 33))
#11 122.8   Downloading propcache-0.5.2-cp311-cp311-manylinux2014_aarch64.manylinux_2_17_aarch64.manylinux_2_28_aarch64.whl.metadata (16 kB)
#11 123.6 Collecting yarl<2.0,>=1.17.0 (from aiohttp<4.0.0,>=3.8.3->langchain==0.3.7->-r requirements.txt (line 33))
#11 123.6   Downloading yarl-1.24.2-cp311-cp311-manylinux2014_aarch64.manylinux_2_17_aarch64.manylinux_2_28_aarch64.whl.metadata (94 kB)
#11 124.4 Collecting googleapis-common-protos<2.0.0,>=1.63.2 (from google-api-core->google-generativeai==0.8.3->-r requirements.txt (line 32))
#11 124.4   Downloading googleapis_common_protos-1.75.0-py3-none-any.whl.metadata (8.6 kB)
#11 125.1 Collecting grpcio-status<2.0.0,>=1.41.0 (from google-api-core[grpc]!=2.0.*,!=2.1.*,!=2.10.*,!=2.2.*,!=2.3.*,!=2.4.*,!=2.5.*,!=2.6.*,!=2.7.*,!=2.8.*,!=2.9.*,<3.0.0dev,>=1.34.1->google-ai-generativelanguage==0.6.10->google-generativeai==0.8.3->-r requirements.txt (line 32))
#11 125.1   Downloading grpcio_status-1.81.0-py3-none-any.whl.metadata (1.2 kB)
#11 126.0 Collecting pyasn1-modules>=0.2.1 (from google-auth>=2.15.0->google-generativeai==0.8.3->-r requirements.txt (line 32))
#11 126.0   Downloading pyasn1_modules-0.4.2-py3-none-any.whl.metadata (3.5 kB)
#11 126.0 INFO: pip is looking at multiple versions of grpcio-status to determine which version is compatible with other requirements. This could take a while.
#11 126.0 Collecting grpcio-status<2.0.0,>=1.41.0 (from google-api-core[grpc]!=2.0.*,!=2.1.*,!=2.10.*,!=2.2.*,!=2.3.*,!=2.4.*,!=2.5.*,!=2.6.*,!=2.7.*,!=2.8.*,!=2.9.*,<3.0.0dev,>=1.34.1->google-ai-generativelanguage==0.6.10->google-generativeai==0.8.3->-r requirements.txt (line 32))
#11 126.0   Downloading grpcio_status-1.80.0-py3-none-any.whl.metadata (1.3 kB)
#11 126.1   Downloading grpcio_status-1.78.0-py3-none-any.whl.metadata (1.3 kB)
#11 126.1   Downloading grpcio_status-1.76.0-py3-none-any.whl.metadata (1.1 kB)
#11 126.1   Downloading grpcio_status-1.75.1-py3-none-any.whl.metadata (1.1 kB)
#11 126.1   Downloading grpcio_status-1.75.0-py3-none-any.whl.metadata (1.1 kB)
#11 126.2   Downloading grpcio_status-1.74.0-py3-none-any.whl.metadata (1.1 kB)
#11 126.2   Downloading grpcio_status-1.73.1-py3-none-any.whl.metadata (1.1 kB)
#11 126.2 INFO: pip is still looking at multiple versions of grpcio-status to determine which version is compatible with other requirements. This could take a while.
#11 126.2   Downloading grpcio_status-1.73.0-py3-none-any.whl.metadata (1.1 kB)
#11 126.3   Downloading grpcio_status-1.72.2-py3-none-any.whl.metadata (1.1 kB)
#11 126.3   Downloading grpcio_status-1.72.1-py3-none-any.whl.metadata (1.1 kB)
#11 126.3   Downloading grpcio_status-1.71.2-py3-none-any.whl.metadata (1.1 kB)
#11 127.2 Collecting hf-xet<2.0.0,>=1.1.3 (from huggingface-hub>=0.20.0->sentence-transformers==3.3.0->-r requirements.txt (line 43))
#11 127.2   Downloading hf_xet-1.5.1-cp37-abi3-manylinux_2_28_aarch64.whl.metadata (4.9 kB)
#11 128.0 Collecting amqp<6.0.0,>=5.1.1 (from kombu<6.0,>=5.3.4->celery==5.4.0->celery[redis]==5.4.0->-r requirements.txt (line 21))
#11 128.0   Downloading amqp-5.3.1-py3-none-any.whl.metadata (8.9 kB)
#11 128.0 INFO: pip is looking at multiple versions of langchain-core to determine which version is compatible with other requirements. This could take a while.
#11 128.0 Collecting langchain-core<0.4.0,>=0.3.15 (from langchain==0.3.7->-r requirements.txt (line 33))
#11 128.0   Downloading langchain_core-0.3.85-py3-none-any.whl.metadata (3.2 kB)
#11 128.1   Downloading langchain_core-0.3.84-py3-none-any.whl.metadata (3.2 kB)
#11 128.1   Downloading langchain_core-0.3.83-py3-none-any.whl.metadata (3.2 kB)
#11 128.1   Downloading langchain_core-0.3.82-py3-none-any.whl.metadata (3.2 kB)
#11 128.1   Downloading langchain_core-0.3.81-py3-none-any.whl.metadata (3.2 kB)
#11 128.1   Downloading langchain_core-0.3.80-py3-none-any.whl.metadata (3.2 kB)
#11 128.2   Downloading langchain_core-0.3.79-py3-none-any.whl.metadata (3.2 kB)
#11 128.2 INFO: pip is still looking at multiple versions of langchain-core to determine which version is compatible with other requirements. This could take a while.
#11 128.2   Downloading langchain_core-0.3.78-py3-none-any.whl.metadata (3.2 kB)
#11 128.2   Downloading langchain_core-0.3.77-py3-none-any.whl.metadata (3.2 kB)
#11 128.3   Downloading langchain_core-0.3.76-py3-none-any.whl.metadata (3.7 kB)
#11 128.3   Downloading langchain_core-0.3.75-py3-none-any.whl.metadata (5.7 kB)
#11 128.3   Downloading langchain_core-0.3.74-py3-none-any.whl.metadata (5.8 kB)
#11 128.3 INFO: This is taking longer than usual. You might need to provide the dependency resolver with stricter constraints to reduce runtime. See https://pip.pypa.io/warnings/backtracking for guidance. If you want to abort this run, press Ctrl + C.
#11 128.3   Downloading langchain_core-0.3.73-py3-none-any.whl.metadata (5.8 kB)
#11 128.4   Downloading langchain_core-0.3.72-py3-none-any.whl.metadata (5.8 kB)
#11 128.4   Downloading langchain_core-0.3.71-py3-none-any.whl.metadata (5.8 kB)
#11 128.4   Downloading langchain_core-0.3.70-py3-none-any.whl.metadata (5.8 kB)
#11 128.4   Downloading langchain_core-0.3.69-py3-none-any.whl.metadata (5.8 kB)
#11 128.5   Downloading langchain_core-0.3.68-py3-none-any.whl.metadata (5.8 kB)
#11 128.5   Downloading langchain_core-0.3.67-py3-none-any.whl.metadata (5.8 kB)
#11 128.5   Downloading langchain_core-0.3.66-py3-none-any.whl.metadata (5.8 kB)
#11 128.6   Downloading langchain_core-0.3.65-py3-none-any.whl.metadata (5.8 kB)
#11 128.6   Downloading langchain_core-0.3.64-py3-none-any.whl.metadata (5.8 kB)
#11 128.6   Downloading langchain_core-0.3.63-py3-none-any.whl.metadata (5.8 kB)
#11 129.4 Collecting jsonpatch<2.0,>=1.33 (from langchain-core<0.4.0,>=0.3.15->langchain==0.3.7->-r requirements.txt (line 33))
#11 129.4   Downloading jsonpatch-1.33-py2.py3-none-any.whl.metadata (3.0 kB)
#11 129.4 Collecting packaging>=20.0 (from transformers==4.46.3->-r requirements.txt (line 44))
#11 129.4   Downloading packaging-24.2-py3-none-any.whl.metadata (3.2 kB)
#11 130.3 Collecting jsonpointer>=1.9 (from jsonpatch<2.0,>=1.33->langchain-core<0.4.0,>=0.3.15->langchain==0.3.7->-r requirements.txt (line 33))
#11 130.3   Downloading jsonpointer-3.1.1-py3-none-any.whl.metadata (2.4 kB)
#11 130.3 Collecting langchain-text-splitters<0.4.0,>=0.3.0 (from langchain==0.3.7->-r requirements.txt (line 33))
#11 130.3   Downloading langchain_text_splitters-0.3.10-py3-none-any.whl.metadata (1.9 kB)
#11 131.4 Collecting orjson<4.0.0,>=3.9.14 (from langsmith<0.2.0,>=0.1.17->langchain==0.3.7->-r requirements.txt (line 33))
#11 131.5   Downloading orjson-3.11.9-cp311-cp311-manylinux_2_17_aarch64.manylinux2014_aarch64.whl.metadata (41 kB)
#11 132.2 Collecting requests-toolbelt<2.0.0,>=1.0.0 (from langsmith<0.2.0,>=0.1.17->langchain==0.3.7->-r requirements.txt (line 33))
#11 132.2   Downloading requests_toolbelt-1.0.0-py2.py3-none-any.whl.metadata (14 kB)
#11 132.2 Requirement already satisfied: pip>=25.2 in /usr/local/lib/python3.11/site-packages (from langchain-text-splitters<0.4.0,>=0.3.0->langchain==0.3.7->-r requirements.txt (line 33)) (26.1.2)
#11 132.2 Collecting langchain-text-splitters<0.4.0,>=0.3.0 (from langchain==0.3.7->-r requirements.txt (line 33))
#11 132.3   Downloading langchain_text_splitters-0.3.9-py3-none-any.whl.metadata (1.9 kB)
#11 132.3   Downloading langchain_text_splitters-0.3.8-py3-none-any.whl.metadata (1.9 kB)
#11 133.0 Collecting ormsgpack>=1.10.0 (from langgraph-checkpoint<3.0.0,>=2.0.4->langgraph==0.2.50->-r requirements.txt (line 37))
#11 133.0   Downloading ormsgpack-1.12.2-cp311-cp311-manylinux_2_17_aarch64.manylinux2014_aarch64.whl.metadata (3.2 kB)
#11 133.8 Collecting charset_normalizer<4,>=2 (from requests<3,>=2->langchain==0.3.7->-r requirements.txt (line 33))
#11 133.9   Downloading charset_normalizer-3.4.7-cp311-cp311-manylinux2014_aarch64.manylinux_2_17_aarch64.manylinux_2_28_aarch64.whl.metadata (40 kB)
#11 134.9 Collecting prompt-toolkit>=3.0.36 (from click-repl>=0.2.0->celery==5.4.0->celery[redis]==5.4.0->-r requirements.txt (line 21))
#11 134.9   Downloading prompt_toolkit-3.0.52-py3-none-any.whl.metadata (6.4 kB)
#11 135.8 Collecting cffi>=2.0.0 (from cryptography>=3.4.0->python-jose[cryptography]==3.3.0->-r requirements.txt (line 25))
#11 135.8   Downloading cffi-2.0.0-cp311-cp311-manylinux2014_aarch64.manylinux_2_17_aarch64.whl.metadata (2.6 kB)
#11 136.6 Collecting pycparser (from cffi>=2.0.0->cryptography>=3.4.0->python-jose[cryptography]==3.3.0->-r requirements.txt (line 25))
#11 136.7   Downloading pycparser-3.0-py3-none-any.whl.metadata (8.2 kB)
#11 137.6 Collecting six>=1.9.0 (from ecdsa!=0.15->python-jose==3.3.0->python-jose[cryptography]==3.3.0->-r requirements.txt (line 25))
#11 137.6   Downloading six-1.17.0-py2.py3-none-any.whl.metadata (1.7 kB)
#11 137.6 INFO: pip is looking at multiple versions of grpcio-tools to determine which version is compatible with other requirements. This could take a while.
#11 137.6 Collecting grpcio-tools>=1.41.0 (from qdrant-client==1.12.0->-r requirements.txt (line 17))
#11 137.7   Downloading grpcio_tools-1.80.0-cp311-cp311-manylinux2014_aarch64.manylinux_2_17_aarch64.whl.metadata (5.3 kB)
#11 137.7   Downloading grpcio_tools-1.78.0-cp311-cp311-manylinux2014_aarch64.manylinux_2_17_aarch64.whl.metadata (5.3 kB)
#11 137.7   Downloading grpcio_tools-1.76.0-cp311-cp311-manylinux2014_aarch64.manylinux_2_17_aarch64.whl.metadata (5.3 kB)
#11 137.7   Downloading grpcio_tools-1.75.1-cp311-cp311-manylinux2014_aarch64.manylinux_2_17_aarch64.whl.metadata (5.3 kB)
#11 137.8   Downloading grpcio_tools-1.75.0-cp311-cp311-manylinux2014_aarch64.manylinux_2_17_aarch64.whl.metadata (5.3 kB)
#11 137.8   Downloading grpcio_tools-1.74.0-cp311-cp311-manylinux_2_17_aarch64.whl.metadata (5.3 kB)
#11 137.8   Downloading grpcio_tools-1.73.1-cp311-cp311-manylinux_2_17_aarch64.whl.metadata (5.3 kB)
#11 137.9 INFO: pip is still looking at multiple versions of grpcio-tools to determine which version is compatible with other requirements. This could take a while.
#11 137.9   Downloading grpcio_tools-1.73.0-cp311-cp311-manylinux_2_17_aarch64.whl.metadata (5.3 kB)
#11 137.9   Downloading grpcio_tools-1.72.2-cp311-cp311-manylinux_2_17_aarch64.whl.metadata (5.3 kB)
#11 137.9   Downloading grpcio_tools-1.72.1-cp311-cp311-manylinux_2_17_aarch64.whl.metadata (5.3 kB)
#11 138.0   Downloading grpcio_tools-1.71.2-cp311-cp311-manylinux_2_17_aarch64.whl.metadata (5.3 kB)
#11 138.0 Requirement already satisfied: setuptools in /usr/local/lib/python3.11/site-packages (from grpcio-tools>=1.41.0->qdrant-client==1.12.0->-r requirements.txt (line 17)) (79.0.1)
#11 138.8 Collecting h2<5,>=3 (from httpx[http2]>=0.20.0->qdrant-client==1.12.0->-r requirements.txt (line 17))
#11 138.8   Downloading h2-4.3.0-py3-none-any.whl.metadata (5.1 kB)
#11 139.8 Collecting hyperframe<7,>=6.1 (from h2<5,>=3->httpx[http2]>=0.20.0->qdrant-client==1.12.0->-r requirements.txt (line 17))
#11 139.8   Downloading hyperframe-6.1.0-py3-none-any.whl.metadata (4.3 kB)
#11 140.6 Collecting hpack<5,>=4.1 (from h2<5,>=3->httpx[http2]>=0.20.0->qdrant-client==1.12.0->-r requirements.txt (line 17))
#11 140.6   Downloading hpack-4.1.0-py3-none-any.whl.metadata (4.6 kB)
#11 141.3 Collecting wcwidth (from prompt-toolkit>=3.0.36->click-repl>=0.2.0->celery==5.4.0->celery[redis]==5.4.0->-r requirements.txt (line 21))
#11 141.4   Downloading wcwidth-0.8.1-py3-none-any.whl.metadata (43 kB)
#11 142.3 Collecting httplib2<1.0.0,>=0.19.0 (from google-api-python-client->google-generativeai==0.8.3->-r requirements.txt (line 32))
#11 142.3   Downloading httplib2-0.31.2-py3-none-any.whl.metadata (2.2 kB)
#11 143.0 Collecting google-auth-httplib2<1.0.0,>=0.2.0 (from google-api-python-client->google-generativeai==0.8.3->-r requirements.txt (line 32))
#11 143.0   Downloading google_auth_httplib2-0.4.0-py3-none-any.whl.metadata (3.0 kB)
#11 143.8 Collecting uritemplate<5,>=3.0.1 (from google-api-python-client->google-generativeai==0.8.3->-r requirements.txt (line 32))
#11 143.8   Downloading uritemplate-4.2.0-py3-none-any.whl.metadata (2.6 kB)
#11 144.6 Collecting pyparsing<4,>=3.1 (from httplib2<1.0.0,>=0.19.0->google-api-python-client->google-generativeai==0.8.3->-r requirements.txt (line 32))
#11 144.6   Downloading pyparsing-3.3.2-py3-none-any.whl.metadata (5.8 kB)
#11 145.4 Collecting MarkupSafe>=2.0 (from jinja2->torch==2.6.0+cpu->-r requirements.txt (line 42))
#11 145.4   Downloading markupsafe-3.0.3-cp311-cp311-manylinux2014_aarch64.manylinux_2_17_aarch64.manylinux_2_28_aarch64.whl.metadata (2.7 kB)
#11 145.5 Downloading fastapi-0.115.0-py3-none-any.whl (94 kB)
#11 145.5 Downloading pydantic-2.10.1-py3-none-any.whl (455 kB)
#11 145.6 Downloading uvicorn-0.30.6-py3-none-any.whl (62 kB)
#11 145.7 Downloading python_multipart-0.0.9-py3-none-any.whl (22 kB)
#11 145.7 Downloading websockets-13.0-cp311-cp311-manylinux_2_17_aarch64.manylinux2014_aarch64.whl (158 kB)
#11 145.7 Downloading SQLAlchemy-2.0.36-cp311-cp311-manylinux_2_17_aarch64.manylinux2014_aarch64.whl (3.2 MB)
#11 146.2    ━━━━━━━━━━━━━━━━━━━━━━━━━━━━━━━━━━━━━━━━ 3.2/3.2 MB 8.0 MB/s  0:00:00
#11 146.2 Downloading asyncpg-0.30.0-cp311-cp311-manylinux_2_17_aarch64.manylinux2014_aarch64.whl (3.1 MB)
#11 146.6    ━━━━━━━━━━━━━━━━━━━━━━━━━━━━━━━━━━━━━━━━ 3.1/3.1 MB 7.7 MB/s  0:00:00
#11 146.6 Downloading alembic-1.13.3-py3-none-any.whl (233 kB)
#11 146.6 Downloading psycopg2_binary-2.9.10-cp311-cp311-manylinux_2_17_aarch64.manylinux2014_aarch64.whl (2.9 MB)
#11 147.2    ━━━━━━━━━━━━━━━━━━━━━━━━━━━━━━━━━━━━━━━━ 2.9/2.9 MB 5.1 MB/s  0:00:00
#11 147.2 Downloading neo4j-5.25.0-py3-none-any.whl (296 kB)
#11 147.3 Downloading qdrant_client-1.12.0-py3-none-any.whl (266 kB)
#11 147.4 Downloading redis-5.2.0-py3-none-any.whl (261 kB)
#11 147.4 Downloading celery-5.4.0-py3-none-any.whl (425 kB)
#11 147.5 Downloading flower-2.0.1-py2.py3-none-any.whl (383 kB)
#11 147.6 Downloading python_jose-3.3.0-py2.py3-none-any.whl (33 kB)
#11 147.6 Downloading passlib-1.7.4-py2.py3-none-any.whl (525 kB)
#11 147.7    ━━━━━━━━━━━━━━━━━━━━━━━━━━━━━━━━━━━━━━━━ 525.6/525.6 kB 7.6 MB/s  0:00:00
#11 147.7 Downloading httpx-0.27.2-py3-none-any.whl (76 kB)
#11 147.8 Downloading openai-1.55.0-py3-none-any.whl (389 kB)
#11 147.8 Downloading anthropic-0.39.0-py3-none-any.whl (198 kB)
#11 147.9 Downloading google_generativeai-0.8.3-py3-none-any.whl (160 kB)
#11 147.9 Downloading langchain-0.3.7-py3-none-any.whl (1.0 MB)
#11 148.4    ━━━━━━━━━━━━━━━━━━━━━━━━━━━━━━━━━━━━━━━━ 1.0/1.0 MB 1.8 MB/s  0:00:00
#11 148.4 Downloading numpy-1.26.4-cp311-cp311-manylinux_2_17_aarch64.manylinux2014_aarch64.whl (14.2 MB)
#11 150.9    ━━━━━━━━━━━━━━━━━━━━━━━━━━━━━━━━━━━━━━━━ 14.2/14.2 MB 5.7 MB/s  0:00:02
#11 151.0 Downloading tenacity-9.0.0-py3-none-any.whl (28 kB)
#11 151.0 Downloading langchain_openai-0.2.9-py3-none-any.whl (50 kB)
#11 151.0 Downloading langchain_anthropic-0.2.4-py3-none-any.whl (21 kB)
#11 151.1 Downloading langchain_google_genai-2.0.5-py3-none-any.whl (41 kB)
#11 151.1 Downloading langgraph-0.2.50-py3-none-any.whl (124 kB)
#11 151.5 Downloading torch-2.6.0%2Bcpu-cp311-cp311-manylinux_2_28_aarch64.whl (95.7 MB)
#11 161.2    ━━━━━━━━━━━━━━━━━━━━━━━━━━━━━━━━━━━━━━━━ 95.7/95.7 MB 10.0 MB/s  0:00:09
#11 161.3 Downloading sentence_transformers-3.3.0-py3-none-any.whl (268 kB)
#11 161.4 Downloading transformers-4.46.3-py3-none-any.whl (10.0 MB)
#11 164.3    ━━━━━━━━━━━━━━━━━━━━━━━━━━━━━━━━━━━━━━━━ 10.0/10.0 MB 3.5 MB/s  0:00:02
#11 164.4 Downloading scikit_learn-1.5.2-cp311-cp311-manylinux_2_17_aarch64.manylinux2014_aarch64.whl (12.5 MB)
#11 167.8    ━━━━━━━━━━━━━━━━━━━━━━━━━━━━━━━━━━━━━━━━ 12.5/12.5 MB 3.6 MB/s  0:00:03
#11 167.8 Downloading pandas-2.2.3-cp311-cp311-manylinux2014_aarch64.manylinux_2_17_aarch64.whl (15.6 MB)
#11 171.3    ━━━━━━━━━━━━━━━━━━━━━━━━━━━━━━━━━━━━━━━━ 15.6/15.6 MB 4.4 MB/s  0:00:03
#11 171.4 Downloading tree_sitter-0.23.2-cp311-cp311-manylinux_2_17_aarch64.manylinux2014_aarch64.whl (554 kB)
#11 171.5    ━━━━━━━━━━━━━━━━━━━━━━━━━━━━━━━━━━━━━━━━ 554.3/554.3 kB 5.4 MB/s  0:00:00
#11 171.5 Downloading tree_sitter_python-0.23.6-cp39-abi3-manylinux_2_17_aarch64.manylinux2014_aarch64.whl (112 kB)
#11 171.6 Downloading tree_sitter_javascript-0.23.1-cp39-abi3-manylinux_2_17_aarch64.manylinux2014_aarch64.whl (96 kB)
#11 171.6 Downloading tree_sitter_typescript-0.23.2-cp39-abi3-manylinux_2_17_aarch64.manylinux2014_aarch64.whl (351 kB)
#11 171.7 Downloading tree_sitter_go-0.23.4-cp39-abi3-manylinux_2_17_aarch64.manylinux2014_aarch64.whl (66 kB)
#11 171.8 Downloading tree_sitter_rust-0.23.2-cp39-abi3-manylinux_2_17_aarch64.manylinux2014_aarch64.whl (159 kB)
#11 171.8 Downloading tree_sitter_java-0.23.5-cp39-abi3-manylinux_2_17_aarch64.manylinux2014_aarch64.whl (85 kB)
#11 171.8 Downloading pygments-2.18.0-py3-none-any.whl (1.2 MB)
#11 172.1    ━━━━━━━━━━━━━━━━━━━━━━━━━━━━━━━━━━━━━━━━ 1.2/1.2 MB 5.5 MB/s  0:00:00
#11 172.1 Downloading pydantic_settings-2.6.1-py3-none-any.whl (28 kB)
#11 172.1 Downloading python_dotenv-1.0.1-py3-none-any.whl (19 kB)
#11 172.2 Downloading structlog-24.4.0-py3-none-any.whl (67 kB)
#11 172.2 Downloading aiofiles-24.1.0-py3-none-any.whl (15 kB)
#11 172.2 Downloading ujson-5.10.0-cp311-cp311-manylinux_2_17_aarch64.manylinux2014_aarch64.whl (51 kB)
#11 172.3 Downloading python_slugify-8.0.4-py2.py3-none-any.whl (10 kB)
#11 172.3 Downloading rank_bm25-0.2.2-py3-none-any.whl (8.6 kB)
#11 172.3 Downloading pytest-8.3.4-py3-none-any.whl (343 kB)
#11 172.4 Downloading pytest_asyncio-0.24.0-py3-none-any.whl (18 kB)
#11 172.4 Downloading pytest_cov-6.0.0-py3-none-any.whl (22 kB)
#11 172.5 Downloading google_ai_generativelanguage-0.6.10-py3-none-any.whl (760 kB)
#11 172.6    ━━━━━━━━━━━━━━━━━━━━━━━━━━━━━━━━━━━━━━━━ 760.0/760.0 kB 5.9 MB/s  0:00:00
#11 172.6 Downloading pydantic_core-2.27.1-cp311-cp311-manylinux_2_17_aarch64.manylinux2014_aarch64.whl (1.8 MB)
#11 172.9    ━━━━━━━━━━━━━━━━━━━━━━━━━━━━━━━━━━━━━━━━ 1.8/1.8 MB 5.9 MB/s  0:00:00
#11 173.0 Downloading sympy-1.13.1-py3-none-any.whl (6.2 MB)
#11 174.0    ━━━━━━━━━━━━━━━━━━━━━━━━━━━━━━━━━━━━━━━━ 6.2/6.2 MB 6.4 MB/s  0:00:01
#11 174.0 Downloading aiohttp-3.14.1-cp311-cp311-manylinux2014_aarch64.manylinux_2_17_aarch64.manylinux_2_28_aarch64.whl (1.8 MB)
#11 174.3    ━━━━━━━━━━━━━━━━━━━━━━━━━━━━━━━━━━━━━━━━ 1.8/1.8 MB 6.7 MB/s  0:00:00
#11 174.3 Downloading anyio-4.13.0-py3-none-any.whl (114 kB)
#11 174.3 Downloading billiard-4.2.4-py3-none-any.whl (87 kB)
#11 174.4 Downloading click-8.4.1-py3-none-any.whl (116 kB)
#11 174.4 Downloading defusedxml-0.7.1-py2.py3-none-any.whl (25 kB)
#11 174.4 Downloading distro-1.9.0-py3-none-any.whl (20 kB)
#11 174.5 Downloading google_api_core-2.31.0-py3-none-any.whl (173 kB)
#11 174.5 Downloading google_auth-2.53.0-py3-none-any.whl (246 kB)
#11 174.6 Downloading googleapis_common_protos-1.75.0-py3-none-any.whl (300 kB)
#11 174.6 Downloading grpcio-1.81.0-cp311-cp311-manylinux2014_aarch64.manylinux_2_17_aarch64.whl (6.6 MB)
#11 175.5    ━━━━━━━━━━━━━━━━━━━━━━━━━━━━━━━━━━━━━━━━ 6.6/6.6 MB 7.6 MB/s  0:00:00
#11 175.5 Downloading grpcio_status-1.71.2-py3-none-any.whl (14 kB)
#11 175.6 Downloading httpcore-1.0.9-py3-none-any.whl (78 kB)
#11 175.6 Downloading huggingface_hub-0.36.2-py3-none-any.whl (566 kB)
#11 175.7    ━━━━━━━━━━━━━━━━━━━━━━━━━━━━━━━━━━━━━━━━ 566.4/566.4 kB 6.0 MB/s  0:00:00
#11 175.7 Downloading hf_xet-1.5.1-cp37-abi3-manylinux_2_28_aarch64.whl (4.3 MB)
#11 176.4    ━━━━━━━━━━━━━━━━━━━━━━━━━━━━━━━━━━━━━━━━ 4.3/4.3 MB 6.6 MB/s  0:00:00
#11 176.4 Downloading jiter-0.15.0-cp311-cp311-manylinux_2_17_aarch64.manylinux2014_aarch64.whl (341 kB)
#11 176.5 Downloading kombu-5.6.2-py3-none-any.whl (214 kB)
#11 176.5 Downloading vine-5.1.0-py3-none-any.whl (9.6 kB)
#11 176.5 Downloading amqp-5.3.1-py3-none-any.whl (50 kB)
#11 176.6 Downloading langchain_core-0.3.63-py3-none-any.whl (438 kB)
#11 176.7 Downloading jsonpatch-1.33-py2.py3-none-any.whl (12 kB)
#11 176.7 Downloading langsmith-0.1.147-py3-none-any.whl (311 kB)
#11 176.8 Downloading langchain_text_splitters-0.3.8-py3-none-any.whl (32 kB)
#11 176.9 Downloading langgraph_checkpoint-2.1.2-py3-none-any.whl (45 kB)
#11 176.9 Downloading langgraph_sdk-0.1.74-py3-none-any.whl (50 kB)
#11 176.9 Downloading mpmath-1.3.0-py3-none-any.whl (536 kB)
#11 177.0    ━━━━━━━━━━━━━━━━━━━━━━━━━━━━━━━━━━━━━━━━ 536.2/536.2 kB 5.0 MB/s  0:00:00
#11 177.1 Downloading multidict-6.7.1-cp311-cp311-manylinux2014_aarch64.manylinux_2_17_aarch64.manylinux_2_28_aarch64.whl (246 kB)
#11 177.1 Downloading orjson-3.11.9-cp311-cp311-manylinux_2_17_aarch64.manylinux2014_aarch64.whl (132 kB)
#11 177.2 Downloading packaging-24.2-py3-none-any.whl (65 kB)
#11 177.2 Downloading pluggy-1.6.0-py3-none-any.whl (20 kB)
#11 177.2 Downloading proto_plus-1.28.0-py3-none-any.whl (50 kB)
#11 177.2 Downloading protobuf-5.29.6-cp38-abi3-manylinux2014_aarch64.whl (320 kB)
#11 177.3 Downloading requests-2.34.2-py3-none-any.whl (73 kB)
#11 177.3 Downloading charset_normalizer-3.4.7-cp311-cp311-manylinux2014_aarch64.manylinux_2_17_aarch64.manylinux_2_28_aarch64.whl (206 kB)
#11 177.4 Downloading idna-3.18-py3-none-any.whl (65 kB)
#11 177.4 Downloading requests_toolbelt-1.0.0-py2.py3-none-any.whl (54 kB)
#11 177.5 Downloading starlette-0.38.6-py3-none-any.whl (71 kB)
#11 177.5 Downloading tiktoken-0.13.0-cp311-cp311-manylinux_2_28_aarch64.whl (1.1 MB)
#11 177.7    ━━━━━━━━━━━━━━━━━━━━━━━━━━━━━━━━━━━━━━━━ 1.1/1.1 MB 5.5 MB/s  0:00:00
#11 177.7 Downloading tokenizers-0.20.3-cp311-cp311-manylinux_2_17_aarch64.manylinux2014_aarch64.whl (2.9 MB)
#11 178.2    ━━━━━━━━━━━━━━━━━━━━━━━━━━━━━━━━━━━━━━━━ 2.9/2.9 MB 5.5 MB/s  0:00:00
#11 178.3 Downloading tornado-6.5.7-cp39-abi3-manylinux2014_aarch64.manylinux_2_17_aarch64.manylinux_2_28_aarch64.whl (450 kB)
#11 178.4 Downloading typing_extensions-4.15.0-py3-none-any.whl (44 kB)
#11 178.4 Downloading urllib3-2.7.0-py3-none-any.whl (131 kB)
#11 178.4 Downloading yarl-1.24.2-cp311-cp311-manylinux2014_aarch64.manylinux_2_17_aarch64.manylinux_2_28_aarch64.whl (105 kB)
#11 178.5 Downloading aiohappyeyeballs-2.6.2-py3-none-any.whl (15 kB)
#11 178.5 Downloading aiosignal-1.4.0-py3-none-any.whl (7.5 kB)
#11 178.5 Downloading annotated_types-0.7.0-py3-none-any.whl (13 kB)
#11 178.5 Downloading attrs-26.1.0-py3-none-any.whl (67 kB)
#11 178.6 Downloading bcrypt-5.0.0-cp39-abi3-manylinux_2_34_aarch64.whl (275 kB)
#11 178.6 Downloading certifi-2026.5.20-py3-none-any.whl (134 kB)
#11 178.7 Downloading click_didyoumean-0.3.1-py3-none-any.whl (3.6 kB)
#11 178.7 Downloading click_plugins-1.1.1.2-py2.py3-none-any.whl (11 kB)
#11 178.8 Downloading click_repl-0.3.0-py3-none-any.whl (10 kB)
#11 178.8 Downloading coverage-7.14.1-cp311-cp311-manylinux2014_aarch64.manylinux_2_17_aarch64.manylinux_2_28_aarch64.whl (254 kB)
#11 178.8 Downloading cryptography-48.0.1-cp311-abi3-manylinux_2_34_aarch64.whl (4.7 MB)
#11 180.1    ━━━━━━━━━━━━━━━━━━━━━━━━━━━━━━━━━━━━━━━━ 4.7/4.7 MB 3.7 MB/s  0:00:01
#11 180.1 Downloading cffi-2.0.0-cp311-cp311-manylinux2014_aarch64.manylinux_2_17_aarch64.whl (216 kB)
#11 180.2 Downloading ecdsa-0.19.2-py2.py3-none-any.whl (150 kB)
#11 180.3 Downloading frozenlist-1.8.0-cp311-cp311-manylinux2014_aarch64.manylinux_2_17_aarch64.manylinux_2_28_aarch64.whl (233 kB)
#11 180.3 Downloading fsspec-2026.4.0-py3-none-any.whl (203 kB)
#11 180.4 Downloading greenlet-3.5.1-cp311-cp311-manylinux_2_24_aarch64.manylinux_2_28_aarch64.whl (603 kB)
#11 180.6    ━━━━━━━━━━━━━━━━━━━━━━━━━━━━━━━━━━━━━━━━ 603.5/603.5 kB 2.6 MB/s  0:00:00
#11 180.7 Downloading grpcio_tools-1.71.2-cp311-cp311-manylinux_2_17_aarch64.whl (2.3 MB)
#11 181.3    ━━━━━━━━━━━━━━━━━━━━━━━━━━━━━━━━━━━━━━━━ 2.3/2.3 MB 3.6 MB/s  0:00:00
#11 181.3 Downloading h11-0.16.0-py3-none-any.whl (37 kB)
#11 181.4 Downloading hiredis-3.4.0-cp311-cp311-manylinux2014_aarch64.manylinux_2_17_aarch64.manylinux_2_28_aarch64.whl (304 kB)
#11 181.5 Downloading httptools-0.8.0-cp311-cp311-manylinux2014_aarch64.manylinux_2_17_aarch64.manylinux_2_28_aarch64.whl (464 kB)
#11 181.6 Downloading h2-4.3.0-py3-none-any.whl (61 kB)
#11 181.6 Downloading hpack-4.1.0-py3-none-any.whl (34 kB)
#11 181.7 Downloading hyperframe-6.1.0-py3-none-any.whl (13 kB)
#11 181.7 Downloading joblib-1.5.3-py3-none-any.whl (309 kB)
#11 181.8 Downloading jsonpointer-3.1.1-py3-none-any.whl (7.7 kB)
#11 181.8 Downloading ormsgpack-1.12.2-cp311-cp311-manylinux_2_17_aarch64.manylinux2014_aarch64.whl (203 kB)
#11 181.9 Downloading prometheus_client-0.25.0-py3-none-any.whl (64 kB)
#11 181.9 Downloading prompt_toolkit-3.0.52-py3-none-any.whl (391 kB)
#11 182.0 Downloading propcache-0.5.2-cp311-cp311-manylinux2014_aarch64.manylinux_2_17_aarch64.manylinux_2_28_aarch64.whl (57 kB)
#11 182.1 Downloading pyasn1_modules-0.4.2-py3-none-any.whl (181 kB)
#11 182.1 Downloading pyasn1-0.6.3-py3-none-any.whl (83 kB)
#11 182.2 Downloading python_dateutil-2.9.0.post0-py2.py3-none-any.whl (229 kB)
#11 182.2 Downloading pytz-2026.2-py2.py3-none-any.whl (510 kB)
#11 182.3 Downloading pyyaml-6.0.3-cp311-cp311-manylinux2014_aarch64.manylinux_2_17_aarch64.manylinux_2_28_aarch64.whl (775 kB)
#11 182.5    ━━━━━━━━━━━━━━━━━━━━━━━━━━━━━━━━━━━━━━━━ 775.6/775.6 kB 4.0 MB/s  0:00:00
#11 182.6 Downloading regex-2026.5.9-cp311-cp311-manylinux2014_aarch64.manylinux_2_17_aarch64.manylinux_2_28_aarch64.whl (792 kB)
#11 182.8    ━━━━━━━━━━━━━━━━━━━━━━━━━━━━━━━━━━━━━━━━ 792.3/792.3 kB 4.0 MB/s  0:00:00
#11 182.8 Downloading safetensors-0.8.0-cp310-abi3-manylinux_2_17_aarch64.manylinux2014_aarch64.whl (502 kB)
#11 183.0 Downloading scipy-1.17.1-cp311-cp311-manylinux_2_27_aarch64.manylinux_2_28_aarch64.whl (33.1 MB)
#11 190.9    ━━━━━━━━━━━━━━━━━━━━━━━━━━━━━━━━━━━━━━━━ 33.1/33.1 MB 4.2 MB/s  0:00:07
#11 190.9 Downloading six-1.17.0-py2.py3-none-any.whl (11 kB)
#11 190.9 Downloading text_unidecode-1.3-py2.py3-none-any.whl (78 kB)
#11 191.0 Downloading threadpoolctl-3.6.0-py3-none-any.whl (18 kB)
#11 191.0 Downloading tqdm-4.68.2-py3-none-any.whl (78 kB)
#11 191.0 Downloading tzdata-2026.2-py2.py3-none-any.whl (349 kB)
#11 191.1 Downloading uvloop-0.22.1-cp311-cp311-manylinux2014_aarch64.manylinux_2_17_aarch64.manylinux_2_28_aarch64.whl (3.8 MB)
#11 191.8    ━━━━━━━━━━━━━━━━━━━━━━━━━━━━━━━━━━━━━━━━ 3.8/3.8 MB 5.2 MB/s  0:00:00
#11 191.8 Downloading watchfiles-1.2.0-cp311-cp311-manylinux_2_17_aarch64.manylinux2014_aarch64.whl (456 kB)
#11 191.9 Downloading filelock-3.29.2-py3-none-any.whl (42 kB)
#11 192.0 Downloading google_api_python_client-2.197.0-py3-none-any.whl (15.3 MB)
#11 195.3    ━━━━━━━━━━━━━━━━━━━━━━━━━━━━━━━━━━━━━━━━ 15.3/15.3 MB 4.6 MB/s  0:00:03
#11 195.3 Downloading google_auth_httplib2-0.4.0-py3-none-any.whl (9.5 kB)
#11 195.3 Downloading httplib2-0.31.2-py3-none-any.whl (91 kB)
#11 195.3 Downloading pyparsing-3.3.2-py3-none-any.whl (122 kB)
#11 195.4 Downloading uritemplate-4.2.0-py3-none-any.whl (11 kB)
#11 195.4 Downloading humanize-4.15.0-py3-none-any.whl (132 kB)
#11 195.5 Downloading iniconfig-2.3.0-py3-none-any.whl (7.5 kB)
#11 195.5 Downloading jinja2-3.1.6-py3-none-any.whl (134 kB)
#11 195.6 Downloading markupsafe-3.0.3-cp311-cp311-manylinux2014_aarch64.manylinux_2_17_aarch64.manylinux_2_28_aarch64.whl (24 kB)
#11 195.6 Downloading mako-1.3.12-py3-none-any.whl (78 kB)
#11 195.7 Downloading networkx-3.6.1-py3-none-any.whl (2.1 MB)
#11 196.2    ━━━━━━━━━━━━━━━━━━━━━━━━━━━━━━━━━━━━━━━━ 2.1/2.1 MB 3.8 MB/s  0:00:00
#11 196.2 Downloading pillow-12.2.0-cp311-cp311-manylinux_2_27_aarch64.manylinux_2_28_aarch64.whl (6.4 MB)
#11 197.6    ━━━━━━━━━━━━━━━━━━━━━━━━━━━━━━━━━━━━━━━━ 6.4/6.4 MB 4.7 MB/s  0:00:01
#11 197.6 Downloading pycparser-3.0-py3-none-any.whl (48 kB)
#11 197.6 Downloading rsa-4.9.1-py3-none-any.whl (34 kB)
#11 197.6 Downloading sniffio-1.3.1-py3-none-any.whl (10 kB)
#11 197.7 Downloading wcwidth-0.8.1-py3-none-any.whl (323 kB)
#11 198.2 Installing collected packages: text-unidecode, pytz, passlib, mpmath, websockets, wcwidth, vine, uvloop, urllib3, uritemplate, ujson, tzdata, typing-extensions, tree-sitter-typescript, tree-sitter-rust, tree-sitter-python, tree-sitter-javascript, tree-sitter-java, tree-sitter-go, tree-sitter, tqdm, tornado, threadpoolctl, tenacity, sympy, structlog, sniffio, six, safetensors, regex, redis, PyYAML, python-slugify, python-multipart, python-dotenv, pyparsing, pygments, pycparser, pyasn1, psycopg2-binary, protobuf, propcache, prometheus-client, portalocker, pluggy, Pillow, packaging, ormsgpack, orjson, numpy, networkx, neo4j, multidict, MarkupSafe, jsonpointer, joblib, jiter, iniconfig, idna, hyperframe, humanize, httptools, hpack, hiredis, hf-xet, h11, greenlet, fsspec, frozenlist, filelock, distro, defusedxml, coverage, click, charset_normalizer, certifi, billiard, bcrypt, attrs, asyncpg, annotated-types, aiohappyeyeballs, aiofiles, yarl, uvicorn, sqlalchemy, scipy, rsa, requests, rank-bm25, python-dateutil, pytest, pydantic-core, pyasn1-modules, proto-plus, prompt-toolkit, Mako, jsonpatch, jinja2, httplib2, httpcore, h2, grpcio, googleapis-common-protos, ecdsa, click-plugins, click-didyoumean, cffi, anyio, amqp, aiosignal, watchfiles, torch, tiktoken, starlette, scikit-learn, requests-toolbelt, python-jose, pytest-cov, pytest-asyncio, pydantic, pandas, kombu, huggingface-hub, httpx, grpcio-tools, grpcio-status, cryptography, click-repl, alembic, aiohttp, tokenizers, pydantic-settings, openai, langsmith, langgraph-sdk, google-auth, fastapi, celery, anthropic, transformers, qdrant-client, langchain-core, google-auth-httplib2, google-api-core, flower, sentence-transformers, langgraph-checkpoint, langchain-text-splitters, langchain-openai, langchain-anthropic, google-api-python-client, langgraph, langchain, google-ai-generativelanguage, google-generativeai, langchain-google-genai
#11 221.8 
#11 221.8 Successfully installed Mako-1.3.12 MarkupSafe-3.0.3 Pillow-12.2.0 PyYAML-6.0.3 aiofiles-24.1.0 aiohappyeyeballs-2.6.2 aiohttp-3.14.1 aiosignal-1.4.0 alembic-1.13.3 amqp-5.3.1 annotated-types-0.7.0 anthropic-0.39.0 anyio-4.13.0 asyncpg-0.30.0 attrs-26.1.0 bcrypt-5.0.0 billiard-4.2.4 celery-5.4.0 certifi-2026.5.20 cffi-2.0.0 charset_normalizer-3.4.7 click-8.4.1 click-didyoumean-0.3.1 click-plugins-1.1.1.2 click-repl-0.3.0 coverage-7.14.1 cryptography-48.0.1 defusedxml-0.7.1 distro-1.9.0 ecdsa-0.19.2 fastapi-0.115.0 filelock-3.29.2 flower-2.0.1 frozenlist-1.8.0 fsspec-2026.4.0 google-ai-generativelanguage-0.6.10 google-api-core-2.31.0 google-api-python-client-2.197.0 google-auth-2.53.0 google-auth-httplib2-0.4.0 google-generativeai-0.8.3 googleapis-common-protos-1.75.0 greenlet-3.5.1 grpcio-1.81.0 grpcio-status-1.71.2 grpcio-tools-1.71.2 h11-0.16.0 h2-4.3.0 hf-xet-1.5.1 hiredis-3.4.0 hpack-4.1.0 httpcore-1.0.9 httplib2-0.31.2 httptools-0.8.0 httpx-0.27.2 huggingface-hub-0.36.2 humanize-4.15.0 hyperframe-6.1.0 idna-3.18 iniconfig-2.3.0 jinja2-3.1.6 jiter-0.15.0 joblib-1.5.3 jsonpatch-1.33 jsonpointer-3.1.1 kombu-5.6.2 langchain-0.3.7 langchain-anthropic-0.2.4 langchain-core-0.3.63 langchain-google-genai-2.0.5 langchain-openai-0.2.9 langchain-text-splitters-0.3.8 langgraph-0.2.50 langgraph-checkpoint-2.1.2 langgraph-sdk-0.1.74 langsmith-0.1.147 mpmath-1.3.0 multidict-6.7.1 neo4j-5.25.0 networkx-3.6.1 numpy-1.26.4 openai-1.55.0 orjson-3.11.9 ormsgpack-1.12.2 packaging-24.2 pandas-2.2.3 passlib-1.7.4 pluggy-1.6.0 portalocker-2.10.1 prometheus-client-0.25.0 prompt-toolkit-3.0.52 propcache-0.5.2 proto-plus-1.28.0 protobuf-5.29.6 psycopg2-binary-2.9.10 pyasn1-0.6.3 pyasn1-modules-0.4.2 pycparser-3.0 pydantic-2.10.1 pydantic-core-2.27.1 pydantic-settings-2.6.1 pygments-2.18.0 pyparsing-3.3.2 pytest-8.3.4 pytest-asyncio-0.24.0 pytest-cov-6.0.0 python-dateutil-2.9.0.post0 python-dotenv-1.0.1 python-jose-3.3.0 python-multipart-0.0.9 python-slugify-8.0.4 pytz-2026.2 qdrant-client-1.12.0 rank-bm25-0.2.2 redis-5.2.0 regex-2026.5.9 requests-2.34.2 requests-toolbelt-1.0.0 rsa-4.9.1 safetensors-0.8.0 scikit-learn-1.5.2 scipy-1.17.1 sentence-transformers-3.3.0 six-1.17.0 sniffio-1.3.1 sqlalchemy-2.0.36 starlette-0.38.6 structlog-24.4.0 sympy-1.13.1 tenacity-9.0.0 text-unidecode-1.3 threadpoolctl-3.6.0 tiktoken-0.13.0 tokenizers-0.20.3 torch-2.6.0+cpu tornado-6.5.7 tqdm-4.68.2 transformers-4.46.3 tree-sitter-0.23.2 tree-sitter-go-0.23.4 tree-sitter-java-0.23.5 tree-sitter-javascript-0.23.1 tree-sitter-python-0.23.6 tree-sitter-rust-0.23.2 tree-sitter-typescript-0.23.2 typing-extensions-4.15.0 tzdata-2026.2 ujson-5.10.0 uritemplate-4.2.0 urllib3-2.7.0 uvicorn-0.30.6 uvloop-0.22.1 vine-5.1.0 watchfiles-1.2.0 wcwidth-0.8.1 websockets-13.0 yarl-1.24.2
#11 221.8 WARNING: Running pip as the 'root' user can result in broken permissions and conflicting behaviour with the system package manager, possibly rendering your system unusable. It is recommended to use a virtual environment instead: https://pip.pypa.io/warnings/venv. Use the --root-user-action option if you know what you are doing and want to suppress this warning.
#11 DONE 222.6s

#12 [7/7] COPY . .
#12 DONE 0.1s

#13 exporting to image
#13 exporting layers
#13 exporting layers 26.0s done
#13 exporting manifest sha256:5fccd30d39958ff1209e0f3861717b2c0c6e757a08c11c8ed4868e3b0ba09b49 done
#13 exporting config sha256:a2462551ffdb9336193938e9957d116a3bbc3459d1680455350f31404880ff79 done
#13 exporting attestation manifest sha256:4f0dd8e06b2aebb7ebf96fc055cd7b2873ab433962f46dc61612fc8959661a6f done
#13 exporting manifest list sha256:d5db0eef4395557e2e36a4bdf079ac66b5cf55802a8b0929259f11049d8f9d1c done
#13 naming to docker.io/library/codora-backend:latest done
#13 unpacking to docker.io/library/codora-backend:latest
#13 unpacking to docker.io/library/codora-backend:latest 7.9s done
#13 DONE 33.9s

#14 resolving provenance for metadata file
#14 DONE 0.0s
 Image codora-backend Built 
